Archive member included because of file (symbol)

/Users/alexisyang/Documents/LPCXpresso_7.3.0/workspace/lpc_board_ea_devkit_4088/Debug/liblpc_board_ea_devkit_4088.a(board.o)
                              ./src/joystick_controler.o (Board_UART_Init)
/Users/alexisyang/Documents/LPCXpresso_7.3.0/workspace/lpc_board_ea_devkit_4088/Debug/liblpc_board_ea_devkit_4088.a(board_sysinit.o)
                              ./src/sysinit.o (Board_SystemInit)
/Users/alexisyang/Documents/LPCXpresso_7.3.0/workspace/lpc_board_ea_devkit_4088/Debug/liblpc_board_ea_devkit_4088.a(uda1380.o)
                              /Users/alexisyang/Documents/LPCXpresso_7.3.0/workspace/lpc_board_ea_devkit_4088/Debug/liblpc_board_ea_devkit_4088.a(board.o) (UDA1380_Init)
/Users/alexisyang/Documents/LPCXpresso_7.3.0/workspace/lpc_chip_40xx/Debug/liblpc_chip_40xx.a(chip_17xx_40xx.o)
                              ./src/joystick_controler.o (SystemCoreClockUpdate)
/Users/alexisyang/Documents/LPCXpresso_7.3.0/workspace/lpc_chip_40xx/Debug/liblpc_chip_40xx.a(clock_17xx_40xx.o)
                              /Users/alexisyang/Documents/LPCXpresso_7.3.0/workspace/lpc_chip_40xx/Debug/liblpc_chip_40xx.a(chip_17xx_40xx.o) (Chip_Clock_SetupPLL)
/Users/alexisyang/Documents/LPCXpresso_7.3.0/workspace/lpc_chip_40xx/Debug/liblpc_chip_40xx.a(emc_17xx_40xx.o)
                              /Users/alexisyang/Documents/LPCXpresso_7.3.0/workspace/lpc_board_ea_devkit_4088/Debug/liblpc_board_ea_devkit_4088.a(board_sysinit.o) (Chip_EMC_Dynamic_Init)
/Users/alexisyang/Documents/LPCXpresso_7.3.0/workspace/lpc_chip_40xx/Debug/liblpc_chip_40xx.a(fpu_init.o)
                              ./src/sysinit.o (fpuInit)
/Users/alexisyang/Documents/LPCXpresso_7.3.0/workspace/lpc_chip_40xx/Debug/liblpc_chip_40xx.a(i2c_17xx_40xx.o)
                              /Users/alexisyang/Documents/LPCXpresso_7.3.0/workspace/lpc_board_ea_devkit_4088/Debug/liblpc_board_ea_devkit_4088.a(uda1380.o) (Chip_I2C_Init)
/Users/alexisyang/Documents/LPCXpresso_7.3.0/workspace/lpc_chip_40xx/Debug/liblpc_chip_40xx.a(i2s_17xx_40xx.o)
                              /Users/alexisyang/Documents/LPCXpresso_7.3.0/workspace/lpc_board_ea_devkit_4088/Debug/liblpc_board_ea_devkit_4088.a(board.o) (Chip_I2S_Init)
/Users/alexisyang/Documents/LPCXpresso_7.3.0/workspace/lpc_chip_40xx/Debug/liblpc_chip_40xx.a(iocon_17xx_40xx.o)
                              /Users/alexisyang/Documents/LPCXpresso_7.3.0/workspace/lpc_board_ea_devkit_4088/Debug/liblpc_board_ea_devkit_4088.a(board_sysinit.o) (Chip_IOCON_SetPinMuxing)
/Users/alexisyang/Documents/LPCXpresso_7.3.0/workspace/lpc_chip_40xx/Debug/liblpc_chip_40xx.a(ssp_17xx_40xx.o)
                              /Users/alexisyang/Documents/LPCXpresso_7.3.0/workspace/lpc_board_ea_devkit_4088/Debug/liblpc_board_ea_devkit_4088.a(board.o) (Chip_SSP_WriteFrames_Blocking)
/Users/alexisyang/Documents/LPCXpresso_7.3.0/workspace/lpc_chip_40xx/Debug/liblpc_chip_40xx.a(sysctl_17xx_40xx.o)
                              /Users/alexisyang/Documents/LPCXpresso_7.3.0/workspace/lpc_board_ea_devkit_4088/Debug/liblpc_board_ea_devkit_4088.a(board_sysinit.o) (Chip_SYSCTL_PeriphReset)
/Users/alexisyang/Documents/LPCXpresso_7.3.0/workspace/lpc_chip_40xx/Debug/liblpc_chip_40xx.a(sysinit_17xx_40xx.o)
                              /Users/alexisyang/Documents/LPCXpresso_7.3.0/workspace/lpc_board_ea_devkit_4088/Debug/liblpc_board_ea_devkit_4088.a(board_sysinit.o) (Chip_SetupXtalClocking)
/Users/alexisyang/Documents/LPCXpresso_7.3.0/workspace/lpc_chip_40xx/Debug/liblpc_chip_40xx.a(timer_17xx_40xx.o)
                              ./src/joystick_controler.o (Chip_TIMER_Init)
/Users/alexisyang/Documents/LPCXpresso_7.3.0/workspace/lpc_chip_40xx/Debug/liblpc_chip_40xx.a(uart_17xx_40xx.o)
                              ./src/joystick_controler.o (Chip_UART_TXEnable)
/Users/alexisyang/Documents/LPCXpresso_7.3.0/workspace/lpc_chip_40xx/Debug/liblpc_chip_40xx.a(ring_buffer.o)
                              /Users/alexisyang/Documents/LPCXpresso_7.3.0/workspace/lpc_chip_40xx/Debug/liblpc_chip_40xx.a(uart_17xx_40xx.o) (RingBuffer_Insert)
/Applications/lpcxpresso_7.3.0_186/lpcxpresso/tools/bin/../lib/gcc/arm-none-eabi/4.8.4/../../../../arm-none-eabi/lib/armv7e-m/softfp/libcr_semihost.a(_cr__main.o)
                              ./src/cr_startup_lpc407x_8x.o (__main)
/Applications/lpcxpresso_7.3.0_186/lpcxpresso/tools/bin/../lib/gcc/arm-none-eabi/4.8.4/../../../../arm-none-eabi/lib/armv7e-m/softfp/libcr_c.a(memcpy.o)
                              /Users/alexisyang/Documents/LPCXpresso_7.3.0/workspace/lpc_board_ea_devkit_4088/Debug/liblpc_board_ea_devkit_4088.a(board.o) (memcpy)
/Applications/lpcxpresso_7.3.0_186/lpcxpresso/tools/bin/../lib/gcc/arm-none-eabi/4.8.4/../../../../arm-none-eabi/lib/armv7e-m/softfp/libcr_c.a(fpprintf.o)
                              ./src/joystick_controler.o (printf)
[...]
Memory Configuration

Name             Origin             Length             Attributes
MFlash512        0x0000000000000000 0x0000000000080000 xr
RamLoc64         0x0000000010000000 0x0000000000010000 xrw
RamPeriph32      0x0000000020000000 0x0000000000008000 xrw
*default*        0x0000000000000000 0xffffffffffffffff

Linker script and memory map

LOAD ./src/cr_startup_lpc407x_8x.o
LOAD ./src/crp.o
LOAD ./src/joystick_controler.o
LOAD ./src/sysinit.o
LOAD /Users/alexisyang/Documents/LPCXpresso_7.3.0/workspace/lpc_board_ea_devkit_4088/Debug/liblpc_board_ea_devkit_4088.a
LOAD /Users/alexisyang/Documents/LPCXpresso_7.3.0/workspace/lpc_chip_40xx/Debug/liblpc_chip_40xx.a
START GROUP
LOAD /Applications/lpcxpresso_7.3.0_186/lpcxpresso/tools/bin/../lib/gcc/arm-none-eabi/4.8.4/../../../../arm-none-eabi/lib/armv7e-m/softfp/libcr_semihost.a
LOAD /Applications/lpcxpresso_7.3.0_186/lpcxpresso/tools/bin/../lib/gcc/arm-none-eabi/4.8.4/../../../../arm-none-eabi/lib/armv7e-m/softfp/libcr_c.a
LOAD /Applications/lpcxpresso_7.3.0_186/lpcxpresso/tools/bin/../lib/gcc/arm-none-eabi/4.8.4/armv7e-m/softfp/libcr_eabihelpers.a
END GROUP
                0x0000000000080000                __top_MFlash512 = 0x80000
                0x0000000010010000                __top_RamLoc64 = 0x10010000
                0x0000000020008000                __top_RamPeriph32 = 0x20008000

.text           0x0000000000000000     0x38b0
 FILL mask 0xff
                0x0000000000000000                __vectors_start__ = ABSOLUTE (.)
 *(.isr_vector)
 .isr_vector    0x0000000000000000       0xe4 ./src/cr_startup_lpc407x_8x.o
                0x0000000000000000                g_pfnVectors
                0x00000000000000e4                . = ALIGN (0x4)
                0x00000000000000e4                __section_table_start = .
                0x00000000000000e4                __data_section_table = .
                0x00000000000000e4        0x4 LONG 0x38b0 LOADADDR (.data)
                0x00000000000000e8        0x4 LONG 0x10000000 ADDR (.data)
                0x00000000000000ec        0x4 LONG 0x0 SIZEOF (.data)
                0x00000000000000f0        0x4 LONG 0x38b0 LOADADDR (.data_RAM2)
                0x00000000000000f4        0x4 LONG 0x20000000 ADDR (.data_RAM2)
                0x00000000000000f8        0x4 LONG 0x0 SIZEOF (.data_RAM2)
                0x00000000000000fc                __data_section_table_end = .
                0x00000000000000fc                __bss_section_table = .
                0x00000000000000fc        0x4 LONG 0x10000000 ADDR (.bss)
                0x0000000000000100        0x4 LONG 0x158 SIZEOF (.bss)
                0x0000000000000104        0x4 LONG 0x20000000 ADDR (.bss_RAM2)
                0x0000000000000108        0x4 LONG 0x0 SIZEOF (.bss_RAM2)
                0x000000000000010c                __bss_section_table_end = .
                0x000000000000010c                __section_table_end = .
 *(.after_vectors*)
 .after_vectors
                0x000000000000010c       0xc0 ./src/cr_startup_lpc407x_8x.o
                0x000000000000010c                NMI_Handler
                0x0000000000000110                HardFault_Handler
                0x0000000000000114                MemManage_Handler
                0x0000000000000118                BusFault_Handler
                0x000000000000011c                UsageFault_Handler
                0x0000000000000120                SVC_Handler
                0x0000000000000124                DebugMon_Handler
                0x0000000000000128                PendSV_Handler
                0x000000000000012c                SysTick_Handler
                0x0000000000000130                EINT3_IRQHandler
                0x0000000000000130                CANActivity_IRQHandler
                0x0000000000000130                TIMER3_IRQHandler
                0x0000000000000130                UART0_IRQHandler
                0x0000000000000130                IntDefaultHandler
                0x0000000000000130                PLL0_IRQHandler
                0x0000000000000130                CAN_IRQHandler
                0x0000000000000130                PLL1_IRQHandler
                0x0000000000000130                SSP0_IRQHandler
                0x0000000000000130                I2S_IRQHandler
                0x0000000000000130                I2C2_IRQHandler
                0x0000000000000130                RTC_IRQHandler
                0x0000000000000130                SPI_IRQHandler
                0x0000000000000130                LCD_IRQHandler
                0x0000000000000130                EINT1_IRQHandler
                0x0000000000000130                UART2_IRQHandler
                0x0000000000000130                UART4_IRQHandler
                0x0000000000000130                ADC_IRQHandler
                0x0000000000000130                SSP1_IRQHandler
                0x0000000000000130                USB_IRQHandler
                0x0000000000000130                BOD_IRQHandler
                0x0000000000000130                WDT_IRQHandler
                0x0000000000000130                MCPWM_IRQHandler
                0x0000000000000130                RIT_IRQHandler
                0x0000000000000130                I2C0_IRQHandler
                0x0000000000000130                USBActivity_IRQHandler
                0x0000000000000130                PWM1_IRQHandler
                0x0000000000000130                SDIO_IRQHandler
                0x0000000000000130                I2C1_IRQHandler
                0x0000000000000130                EINT2_IRQHandler
                0x0000000000000130                UART1_IRQHandler
                0x0000000000000130                DMA_IRQHandler
                0x0000000000000130                UART3_IRQHandler
                0x0000000000000130                TIMER2_IRQHandler
                0x0000000000000130                QEI_IRQHandler
                0x0000000000000130                EINT0_IRQHandler
                0x0000000000000130                ETH_IRQHandler
                0x0000000000000130                PWM0_IRQHandler
                0x0000000000000130                SSP2_IRQHandler
                0x0000000000000130                EEPROM_IRQHandler
                0x0000000000000134                data_init
                0x0000000000000150                bss_init
                0x0000000000000164                ResetISR
                0x00000000000002fc                . = 0x2fc
 *fill*         0x00000000000001cc      0x130 ff
                0x00000000000002fc                PROVIDE (__CRP_WORD_START__, .)
 *(.crp)
 .crp           0x00000000000002fc        0x4 ./src/crp.o
                0x00000000000002fc                CRP_WORD
                0x0000000000000300                PROVIDE (__CRP_WORD_END__, .)
                0x0000000000000001                ASSERT (! ((__CRP_WORD_START__ == __CRP_WORD_END__)), Linker CRP Enabled, but no CRP_WORD provided within application)
 *(.text*)
 .text.TIMER0_IRQHandler
                0x0000000000000300       0x24 ./src/joystick_controler.o
                0x0000000000000300                TIMER0_IRQHandler
 .text.TIMER1_IRQHandler
                0x0000000000000324       0x1c ./src/joystick_controler.o
                0x0000000000000324                TIMER1_IRQHandler
 .text.GPIO_IRQHandler
                0x0000000000000340       0x74 ./src/joystick_controler.o
                0x0000000000000340                GPIO_IRQHandler
 .text.main     0x00000000000003b4      0x1a4 ./src/joystick_controler.o
                0x00000000000003b4                main
 .text.SystemInit
                0x0000000000000558       0x1c ./src/sysinit.o
                0x0000000000000558                SystemInit
 .text.Board_LED_Init
                0x0000000000000574       0x30 /Users/alexisyang/Documents/LPCXpresso_7.3.0/workspace/lpc_board_ea_devkit_4088/Debug/liblpc_board_ea_devkit_4088.a(board.o)
 .text.Board_UART_Init
                0x00000000000005a4       0x30 /Users/alexisyang/Documents/LPCXpresso_7.3.0/workspace/lpc_board_ea_devkit_4088/Debug/liblpc_board_ea_devkit_4088.a(board.o)
                0x00000000000005a4                Board_UART_Init
 .text.Board_Debug_Init
                0x00000000000005d4       0x2c /Users/alexisyang/Documents/LPCXpresso_7.3.0/workspace/lpc_board_ea_devkit_4088/Debug/liblpc_board_ea_devkit_4088.a(board.o)
                0x00000000000005d4                Board_Debug_Init
 .text.Board_LED_Set
                0x0000000000000600       0x48 /Users/alexisyang/Documents/LPCXpresso_7.3.0/workspace/lpc_board_ea_devkit_4088/Debug/liblpc_board_ea_devkit_4088.a(board.o)
                0x0000000000000600                Board_LED_Set
 .text.Board_LED_Toggle
                0x0000000000000648       0x44 /Users/alexisyang/Documents/LPCXpresso_7.3.0/workspace/lpc_board_ea_devkit_4088/Debug/liblpc_board_ea_devkit_4088.a(board.o)
                0x0000000000000648                Board_LED_Toggle
 .text.Board_Init
                0x000000000000068c       0x18 /Users/alexisyang/Documents/LPCXpresso_7.3.0/workspace/lpc_board_ea_devkit_4088/Debug/liblpc_board_ea_devkit_4088.a(board.o)
                0x000000000000068c                Board_Init
 .text.Board_SetupMuxing
                0x00000000000006a4       0x64 /Users/alexisyang/Documents/LPCXpresso_7.3.0/workspace/lpc_board_ea_devkit_4088/Debug/liblpc_board_ea_devkit_4088.a(board_sysinit.o)
                0x00000000000006a4                Board_SetupMuxing
 .text.Board_SetupClocking
                0x0000000000000708       0x20 /Users/alexisyang/Documents/LPCXpresso_7.3.0/workspace/lpc_board_ea_devkit_4088/Debug/liblpc_board_ea_devkit_4088.a(board_sysinit.o)
                0x0000000000000708                Board_SetupClocking
 .text.Board_SetupExtMemory
                0x0000000000000728       0x50 /Users/alexisyang/Documents/LPCXpresso_7.3.0/workspace/lpc_board_ea_devkit_4088/Debug/liblpc_board_ea_devkit_4088.a(board_sysinit.o)
                0x0000000000000728                Board_SetupExtMemory
 .text.Board_SystemInit
                0x0000000000000778       0x10 /Users/alexisyang/Documents/LPCXpresso_7.3.0/workspace/lpc_board_ea_devkit_4088/Debug/liblpc_board_ea_devkit_4088.a(board_sysinit.o)
                0x0000000000000778                Board_SystemInit
 .text.SystemCoreClockUpdate
                0x0000000000000788       0x10 /Users/alexisyang/Documents/LPCXpresso_7.3.0/workspace/lpc_chip_40xx/Debug/liblpc_chip_40xx.a(chip_17xx_40xx.o)
                0x0000000000000788                SystemCoreClockUpdate
 .text.Chip_Clock_EnablePLL
                0x0000000000000798       0x28 /Users/alexisyang/Documents/LPCXpresso_7.3.0/workspace/lpc_chip_40xx/Debug/liblpc_chip_40xx.a(clock_17xx_40xx.o)
                0x0000000000000798                Chip_Clock_EnablePLL
 .text.Chip_Clock_DisablePLL
                0x00000000000007c0       0x2c /Users/alexisyang/Documents/LPCXpresso_7.3.0/workspace/lpc_chip_40xx/Debug/liblpc_chip_40xx.a(clock_17xx_40xx.o)
                0x00000000000007c0                Chip_Clock_DisablePLL
 .text.Chip_Clock_SetupPLL
                0x00000000000007ec       0x2c /Users/alexisyang/Documents/LPCXpresso_7.3.0/workspace/lpc_chip_40xx/Debug/liblpc_chip_40xx.a(clock_17xx_40xx.o)
                0x00000000000007ec                Chip_Clock_SetupPLL
 .text.Chip_Clock_EnablePeriphClock
                0x0000000000000818       0x34 /Users/alexisyang/Documents/LPCXpresso_7.3.0/workspace/lpc_chip_40xx/Debug/liblpc_chip_40xx.a(clock_17xx_40xx.o)
                0x0000000000000818                Chip_Clock_EnablePeriphClock
 .text.Chip_Clock_SetCPUClockSource
                0x000000000000084c       0x28 /Users/alexisyang/Documents/LPCXpresso_7.3.0/workspace/lpc_chip_40xx/Debug/liblpc_chip_40xx.a(clock_17xx_40xx.o)
                0x000000000000084c                Chip_Clock_SetCPUClockSource
 .text.Chip_Clock_GetCPUClockSource
                0x0000000000000874       0x18 /Users/alexisyang/Documents/LPCXpresso_7.3.0/workspace/lpc_chip_40xx/Debug/liblpc_chip_40xx.a(clock_17xx_40xx.o)
                0x0000000000000874                Chip_Clock_GetCPUClockSource
 .text.Chip_Clock_SetCPUClockDiv
                0x000000000000088c       0x18 /Users/alexisyang/Documents/LPCXpresso_7.3.0/workspace/lpc_chip_40xx/Debug/liblpc_chip_40xx.a(clock_17xx_40xx.o)
                0x000000000000088c                Chip_Clock_SetCPUClockDiv
 .text.Chip_Clock_GetCPUClockDiv
                0x00000000000008a4       0x10 /Users/alexisyang/Documents/LPCXpresso_7.3.0/workspace/lpc_chip_40xx/Debug/liblpc_chip_40xx.a(clock_17xx_40xx.o)
                0x00000000000008a4                Chip_Clock_GetCPUClockDiv
 .text.Chip_Clock_GetSYSCLKRate
                0x00000000000008b4       0x2c /Users/alexisyang/Documents/LPCXpresso_7.3.0/workspace/lpc_chip_40xx/Debug/liblpc_chip_40xx.a(clock_17xx_40xx.o)
                0x00000000000008b4                Chip_Clock_GetSYSCLKRate
 .text.Chip_Clock_GetMainPLLOutClockRate
                0x00000000000008e0       0x2c /Users/alexisyang/Documents/LPCXpresso_7.3.0/workspace/lpc_chip_40xx/Debug/liblpc_chip_40xx.a(clock_17xx_40xx.o)
                0x00000000000008e0                Chip_Clock_GetMainPLLOutClockRate
 .text.Chip_Clock_GetMainClockRate
                0x000000000000090c       0x1c /Users/alexisyang/Documents/LPCXpresso_7.3.0/workspace/lpc_chip_40xx/Debug/liblpc_chip_40xx.a(clock_17xx_40xx.o)
                0x000000000000090c                Chip_Clock_GetMainClockRate
 .text.Chip_Clock_GetSystemClockRate
                0x0000000000000928       0x14 /Users/alexisyang/Documents/LPCXpresso_7.3.0/workspace/lpc_chip_40xx/Debug/liblpc_chip_40xx.a(clock_17xx_40xx.o)
                0x0000000000000928                Chip_Clock_GetSystemClockRate
 .text.Chip_Clock_SetSPIFIClockSource
                0x000000000000093c       0x18 /Users/alexisyang/Documents/LPCXpresso_7.3.0/workspace/lpc_chip_40xx/Debug/liblpc_chip_40xx.a(clock_17xx_40xx.o)
                0x000000000000093c                Chip_Clock_SetSPIFIClockSource
 .text.Chip_Clock_SetSPIFIClockDiv
                0x0000000000000954       0x18 /Users/alexisyang/Documents/LPCXpresso_7.3.0/workspace/lpc_chip_40xx/Debug/liblpc_chip_40xx.a(clock_17xx_40xx.o)
                0x0000000000000954                Chip_Clock_SetSPIFIClockDiv
 .text.Chip_Clock_GetPeripheralClockRate
                0x000000000000096c       0x20 /Users/alexisyang/Documents/LPCXpresso_7.3.0/workspace/lpc_chip_40xx/Debug/liblpc_chip_40xx.a(clock_17xx_40xx.o)
                0x000000000000096c                Chip_Clock_GetPeripheralClockRate
 .text.convertTimmingParam
                0x000000000000098c       0x3c /Users/alexisyang/Documents/LPCXpresso_7.3.0/workspace/lpc_chip_40xx/Debug/liblpc_chip_40xx.a(emc_17xx_40xx.o)
 .text.getColsLen
                0x00000000000009c8       0x28 /Users/alexisyang/Documents/LPCXpresso_7.3.0/workspace/lpc_chip_40xx/Debug/liblpc_chip_40xx.a(emc_17xx_40xx.o)
 .text.initDynMem
                0x00000000000009f0      0x178 /Users/alexisyang/Documents/LPCXpresso_7.3.0/workspace/lpc_chip_40xx/Debug/liblpc_chip_40xx.a(emc_17xx_40xx.o)
                0x00000000000009f0                initDynMem
 .text.initStaticMem
                0x0000000000000b68       0x68 /Users/alexisyang/Documents/LPCXpresso_7.3.0/workspace/lpc_chip_40xx/Debug/liblpc_chip_40xx.a(emc_17xx_40xx.o)
                0x0000000000000b68                initStaticMem
 .text.Chip_EMC_Dynamic_Init
                0x0000000000000bd0       0x28 /Users/alexisyang/Documents/LPCXpresso_7.3.0/workspace/lpc_chip_40xx/Debug/liblpc_chip_40xx.a(emc_17xx_40xx.o)
                0x0000000000000bd0                Chip_EMC_Dynamic_Init
 .text.Chip_EMC_Static_Init
                0x0000000000000bf8       0x28 /Users/alexisyang/Documents/LPCXpresso_7.3.0/workspace/lpc_chip_40xx/Debug/liblpc_chip_40xx.a(emc_17xx_40xx.o)
                0x0000000000000bf8                Chip_EMC_Static_Init
 .text.Chip_EMC_Init
                0x0000000000000c20       0x24 /Users/alexisyang/Documents/LPCXpresso_7.3.0/workspace/lpc_chip_40xx/Debug/liblpc_chip_40xx.a(emc_17xx_40xx.o)
                0x0000000000000c20                Chip_EMC_Init
 .text.fpuInit  0x0000000000000c44       0x58 /Users/alexisyang/Documents/LPCXpresso_7.3.0/workspace/lpc_chip_40xx/Debug/liblpc_chip_40xx.a(fpu_init.o)
                0x0000000000000c44                fpuInit
 .text.Chip_IOCON_SetPinMuxing
                0x0000000000000c9c       0x2c /Users/alexisyang/Documents/LPCXpresso_7.3.0/workspace/lpc_chip_40xx/Debug/liblpc_chip_40xx.a(iocon_17xx_40xx.o)
                0x0000000000000c9c                Chip_IOCON_SetPinMuxing
 .text.Chip_SYSCTL_PeriphReset
                0x0000000000000cc8       0x20 /Users/alexisyang/Documents/LPCXpresso_7.3.0/workspace/lpc_chip_40xx/Debug/liblpc_chip_40xx.a(sysctl_17xx_40xx.o)
                0x0000000000000cc8                Chip_SYSCTL_PeriphReset
 .text.Chip_SetupXtalClocking
                0x0000000000000ce8       0x84 /Users/alexisyang/Documents/LPCXpresso_7.3.0/workspace/lpc_chip_40xx/Debug/liblpc_chip_40xx.a(sysinit_17xx_40xx.o)
                0x0000000000000ce8                Chip_SetupXtalClocking
 .text.Chip_Timer_GetClockIndex
                0x0000000000000d6c       0x2c /Users/alexisyang/Documents/LPCXpresso_7.3.0/workspace/lpc_chip_40xx/Debug/liblpc_chip_40xx.a(timer_17xx_40xx.o)
 .text.Chip_TIMER_Init
                0x0000000000000d98        0xc /Users/alexisyang/Documents/LPCXpresso_7.3.0/workspace/lpc_chip_40xx/Debug/liblpc_chip_40xx.a(timer_17xx_40xx.o)
                0x0000000000000d98                Chip_TIMER_Init
 .text.Chip_TIMER_Reset
                0x0000000000000da4       0x18 /Users/alexisyang/Documents/LPCXpresso_7.3.0/workspace/lpc_chip_40xx/Debug/liblpc_chip_40xx.a(timer_17xx_40xx.o)
                0x0000000000000da4                Chip_TIMER_Reset
 .text.Chip_UART_GetClockIndex
                0x0000000000000dbc       0x38 /Users/alexisyang/Documents/LPCXpresso_7.3.0/workspace/lpc_chip_40xx/Debug/liblpc_chip_40xx.a(uart_17xx_40xx.o)
 .text.Chip_UART_TXEnable
                0x0000000000000df4       0x18 /Users/alexisyang/Documents/LPCXpresso_7.3.0/workspace/lpc_chip_40xx/Debug/liblpc_chip_40xx.a(uart_17xx_40xx.o)
                0x0000000000000df4                Chip_UART_TXEnable
 .text.Chip_UART_TXDisable
                0x0000000000000e0c       0x18 /Users/alexisyang/Documents/LPCXpresso_7.3.0/workspace/lpc_chip_40xx/Debug/liblpc_chip_40xx.a(uart_17xx_40xx.o)
                0x0000000000000e0c                Chip_UART_TXDisable
 .text.Chip_UART_Init
                0x0000000000000e24       0x40 /Users/alexisyang/Documents/LPCXpresso_7.3.0/workspace/lpc_chip_40xx/Debug/liblpc_chip_40xx.a(uart_17xx_40xx.o)
                0x0000000000000e24                Chip_UART_Init
 .text.Chip_UART_Send
                0x0000000000000e64       0x24 /Users/alexisyang/Documents/LPCXpresso_7.3.0/workspace/lpc_chip_40xx/Debug/liblpc_chip_40xx.a(uart_17xx_40xx.o)
                0x0000000000000e64                Chip_UART_Send
 .text.Chip_UART_SetBaud
                0x0000000000000e88       0x30 /Users/alexisyang/Documents/LPCXpresso_7.3.0/workspace/lpc_chip_40xx/Debug/liblpc_chip_40xx.a(uart_17xx_40xx.o)
                0x0000000000000e88                Chip_UART_SetBaud
 .text.__main   0x0000000000000eb8       0x14 /Applications/lpcxpresso_7.3.0_186/lpcxpresso/tools/bin/../lib/gcc/arm-none-eabi/4.8.4/../../../../arm-none-eabi/lib/armv7e-m/softfp/libcr_semihost.a(_cr__main.o)
                0x0000000000000eb8                __main
                0x0000000000000eb8                __CR_SEMIHOST
 .text.fp_round
                0x0000000000000ecc       0x50 /Applications/lpcxpresso_7.3.0_186/lpcxpresso/tools/bin/../lib/gcc/arm-none-eabi/4.8.4/../../../../arm-none-eabi/lib/armv7e-m/softfp/libcr_c.a(fpprintf.o)
 .text.pr_dec.constprop.1
                0x0000000000000f1c       0x26 /Applications/lpcxpresso_7.3.0_186/lpcxpresso/tools/bin/../lib/gcc/arm-none-eabi/4.8.4/../../../../arm-none-eabi/lib/armv7e-m/softfp/libcr_c.a(fpprintf.o)
 *fill*         0x0000000000000f42        0x2 
 .text.sprintf  0x0000000000000f44       0x6c /Applications/lpcxpresso_7.3.0_186/lpcxpresso/tools/bin/../lib/gcc/arm-none-eabi/4.8.4/../../../../arm-none-eabi/lib/armv7e-m/softfp/libcr_c.a(fpprintf.o)
                0x0000000000000f44                sprintf
 .text.fp_display
                0x0000000000000fb0      0x988 /Applications/lpcxpresso_7.3.0_186/lpcxpresso/tools/bin/../lib/gcc/arm-none-eabi/4.8.4/../../../../arm-none-eabi/lib/armv7e-m/softfp/libcr_c.a(fpprintf.o)
 .text.vsnprintf
                0x0000000000001938       0x5c /Applications/lpcxpresso_7.3.0_186/lpcxpresso/tools/bin/../lib/gcc/arm-none-eabi/4.8.4/../../../../arm-none-eabi/lib/armv7e-m/softfp/libcr_c.a(fpprintf.o)
                0x0000000000001938                vsnprintf
 .text.printf   0x0000000000001994       0x54 /Applications/lpcxpresso_7.3.0_186/lpcxpresso/tools/bin/../lib/gcc/arm-none-eabi/4.8.4/../../../../arm-none-eabi/lib/armv7e-m/softfp/libcr_c.a(fpprintf.o)
                0x0000000000001994                printf
 .text._initio  0x00000000000019e8       0xa4 /Applications/lpcxpresso_7.3.0_186/lpcxpresso/tools/bin/../lib/gcc/arm-none-eabi/4.8.4/../../../../arm-none-eabi/lib/armv7e-m/softfp/libcr_c.a(initio.o)
                0x00000000000019e8                _initio
 .text.__vfprintf
                0x0000000000001a8c      0xca0 /Applications/lpcxpresso_7.3.0_186/lpcxpresso/tools/bin/../lib/gcc/arm-none-eabi/4.8.4/../../../../arm-none-eabi/lib/armv7e-m/softfp/libcr_c.a(printf.o)
                0x0000000000001a8c                __vfprintf
 .text.setvbuf  0x000000000000272c       0x40 /Applications/lpcxpresso_7.3.0_186/lpcxpresso/tools/bin/../lib/gcc/arm-none-eabi/4.8.4/../../../../arm-none-eabi/lib/armv7e-m/softfp/libcr_c.a(setvbuf.o)
                0x000000000000272c                setvbuf
 .text.strlen   0x000000000000276c       0x4a /Applications/lpcxpresso_7.3.0_186/lpcxpresso/tools/bin/../lib/gcc/arm-none-eabi/4.8.4/../../../../arm-none-eabi/lib/armv7e-m/softfp/libcr_c.a(strlen.o)
                0x000000000000276c                strlen
 .text.memset   0x00000000000027b6        0x4 /Applications/lpcxpresso_7.3.0_186/lpcxpresso/tools/bin/../lib/gcc/arm-none-eabi/4.8.4/../../../../arm-none-eabi/lib/armv7e-m/softfp/libcr_c.a(memset.o)
                0x00000000000027b6                memset
 .text._deferredlazyseek
                0x00000000000027ba       0x44 /Applications/lpcxpresso_7.3.0_186/lpcxpresso/tools/bin/../lib/gcc/arm-none-eabi/4.8.4/../../../../arm-none-eabi/lib/armv7e-m/softfp/libcr_c.a(_deferredlazyseek.o)
                0x00000000000027ba                _deferredlazyseek
 .text.__flsbuf
                0x00000000000027fe      0x142 /Applications/lpcxpresso_7.3.0_186/lpcxpresso/tools/bin/../lib/gcc/arm-none-eabi/4.8.4/../../../../arm-none-eabi/lib/armv7e-m/softfp/libcr_c.a(_deferredlazyseek.o)
                0x00000000000027fe                __flsbuf
 .text._fdopen  0x0000000000002940       0x6a /Applications/lpcxpresso_7.3.0_186/lpcxpresso/tools/bin/../lib/gcc/arm-none-eabi/4.8.4/../../../../arm-none-eabi/lib/armv7e-m/softfp/libcr_c.a(_fdopen.o)
                0x0000000000002940                _fdopen
 .text._fflush  0x00000000000029aa       0x58 /Applications/lpcxpresso_7.3.0_186/lpcxpresso/tools/bin/../lib/gcc/arm-none-eabi/4.8.4/../../../../arm-none-eabi/lib/armv7e-m/softfp/libcr_c.a(_fflush.o)
                0x00000000000029aa                _fflush
 .text._frexpl  0x0000000000002a02       0x5c /Applications/lpcxpresso_7.3.0_186/lpcxpresso/tools/bin/../lib/gcc/arm-none-eabi/4.8.4/../../../../arm-none-eabi/lib/armv7e-m/softfp/libcr_c.a(_frexpl.o)
                0x0000000000002a02                _frexpl
 *fill*         0x0000000000002a5e        0x2 
 .text._ldexpl  0x0000000000002a60       0x4c /Applications/lpcxpresso_7.3.0_186/lpcxpresso/tools/bin/../lib/gcc/arm-none-eabi/4.8.4/../../../../arm-none-eabi/lib/armv7e-m/softfp/libcr_c.a(_ldexpl.o)
                0x0000000000002a60                _ldexpl
 .text._Cwritebuf
                0x0000000000002aac       0x70 /Applications/lpcxpresso_7.3.0_186/lpcxpresso/tools/bin/../lib/gcc/arm-none-eabi/4.8.4/../../../../arm-none-eabi/lib/armv7e-m/softfp/libcr_c.a(_writebuf.o)
                0x0000000000002aac                _Cwritebuf
 .text.malloc   0x0000000000002b1c       0xc4 /Applications/lpcxpresso_7.3.0_186/lpcxpresso/tools/bin/../lib/gcc/arm-none-eabi/4.8.4/../../../../arm-none-eabi/lib/armv7e-m/softfp/libcr_c.a(alloc.o)
                0x0000000000002b1c                malloc
 .text.free     0x0000000000002be0        0xc /Applications/lpcxpresso_7.3.0_186/lpcxpresso/tools/bin/../lib/gcc/arm-none-eabi/4.8.4/../../../../arm-none-eabi/lib/armv7e-m/softfp/libcr_c.a(alloc.o)
                0x0000000000002be0                free
 .text._Csys_alloc
                0x0000000000002bec       0x20 /Applications/lpcxpresso_7.3.0_186/lpcxpresso/tools/bin/../lib/gcc/arm-none-eabi/4.8.4/../../../../arm-none-eabi/lib/armv7e-m/softfp/libcr_c.a(alloc.o)
                0x0000000000002bec                _Csys_alloc
 .text.fclose   0x0000000000002c0c       0x6c /Applications/lpcxpresso_7.3.0_186/lpcxpresso/tools/bin/../lib/gcc/arm-none-eabi/4.8.4/../../../../arm-none-eabi/lib/armv7e-m/softfp/libcr_c.a(fclose.o)
                0x0000000000002c0c                fclose
 .text.fflush   0x0000000000002c78       0x30 /Applications/lpcxpresso_7.3.0_186/lpcxpresso/tools/bin/../lib/gcc/arm-none-eabi/4.8.4/../../../../arm-none-eabi/lib/armv7e-m/softfp/libcr_c.a(fflush.o)
                0x0000000000002c78                fflush
 .text.fseek    0x0000000000002ca8      0x10c /Applications/lpcxpresso_7.3.0_186/lpcxpresso/tools/bin/../lib/gcc/arm-none-eabi/4.8.4/../../../../arm-none-eabi/lib/armv7e-m/softfp/libcr_c.a(fseek.o)
                0x0000000000002ca8                fseek
 .text.ftell    0x0000000000002db4       0x4c /Applications/lpcxpresso_7.3.0_186/lpcxpresso/tools/bin/../lib/gcc/arm-none-eabi/4.8.4/../../../../arm-none-eabi/lib/armv7e-m/softfp/libcr_c.a(ftell.o)
                0x0000000000002db4                ftell
 .text.remove   0x0000000000002e00       0x14 /Applications/lpcxpresso_7.3.0_186/lpcxpresso/tools/bin/../lib/gcc/arm-none-eabi/4.8.4/../../../../arm-none-eabi/lib/armv7e-m/softfp/libcr_c.a(remove.o)
                0x0000000000002e00                remove
 .text._sbrk    0x0000000000002e14       0x40 /Applications/lpcxpresso_7.3.0_186/lpcxpresso/tools/bin/../lib/gcc/arm-none-eabi/4.8.4/../../../../arm-none-eabi/lib/armv7e-m/softfp/libcr_c.a(_cr_sbrk.o)
                0x0000000000002e14                _sbrk
 .text._do_fflush
                0x0000000000002e54       0x44 /Applications/lpcxpresso_7.3.0_186/lpcxpresso/tools/bin/../lib/gcc/arm-none-eabi/4.8.4/../../../../arm-none-eabi/lib/armv7e-m/softfp/libcr_c.a(_do_fflush.o)
                0x0000000000002e54                _do_fflush
 .text.__check_heap_overflow
                0x0000000000002e98       0x18 /Applications/lpcxpresso_7.3.0_186/lpcxpresso/tools/bin/../lib/gcc/arm-none-eabi/4.8.4/../../../../arm-none-eabi/lib/armv7e-m/softfp/libcr_c.a(_cr_check_heap.o)
                0x0000000000002e98                __check_heap_overflow
 .text.__aeabi_dmul
                0x0000000000002eb0      0x110 /Applications/lpcxpresso_7.3.0_186/lpcxpresso/tools/bin/../lib/gcc/arm-none-eabi/4.8.4/armv7e-m/softfp/libcr_eabihelpers.a(double.o)
                0x0000000000002eb0                __aeabi_dmul
 .text.__aeabi_ddiv
                0x0000000000002fc0      0x138 /Applications/lpcxpresso_7.3.0_186/lpcxpresso/tools/bin/../lib/gcc/arm-none-eabi/4.8.4/armv7e-m/softfp/libcr_eabihelpers.a(double.o)
                0x0000000000002fc0                __aeabi_ddiv
 .text.__aeabi_dsub
                0x00000000000030f8      0x1fc /Applications/lpcxpresso_7.3.0_186/lpcxpresso/tools/bin/../lib/gcc/arm-none-eabi/4.8.4/armv7e-m/softfp/libcr_eabihelpers.a(double.o)
                0x00000000000030f8                __aeabi_dsub
 .text.__aeabi_dadd
                0x00000000000032f4      0x144 /Applications/lpcxpresso_7.3.0_186/lpcxpresso/tools/bin/../lib/gcc/arm-none-eabi/4.8.4/armv7e-m/softfp/libcr_eabihelpers.a(double.o)
                0x00000000000032f4                __aeabi_dadd
 .text.__aeabi_d2iz
                0x0000000000003438       0x42 /Applications/lpcxpresso_7.3.0_186/lpcxpresso/tools/bin/../lib/gcc/arm-none-eabi/4.8.4/armv7e-m/softfp/libcr_eabihelpers.a(double.o)
                0x0000000000003438                __aeabi_d2iz
 .text.__bhs_ui2d
                0x000000000000347a       0x46 /Applications/lpcxpresso_7.3.0_186/lpcxpresso/tools/bin/../lib/gcc/arm-none-eabi/4.8.4/armv7e-m/softfp/libcr_eabihelpers.a(double.o)
                0x000000000000347a                __bhs_ui2d
 .text.__aeabi_i2d
                0x00000000000034c0       0x10 /Applications/lpcxpresso_7.3.0_186/lpcxpresso/tools/bin/../lib/gcc/arm-none-eabi/4.8.4/armv7e-m/softfp/libcr_eabihelpers.a(double.o)
                0x00000000000034c0                __aeabi_i2d
 .text.__aeabi_dcmpeq
                0x00000000000034d0       0x3a /Applications/lpcxpresso_7.3.0_186/lpcxpresso/tools/bin/../lib/gcc/arm-none-eabi/4.8.4/armv7e-m/softfp/libcr_eabihelpers.a(double.o)
                0x00000000000034d0                __aeabi_dcmpeq
 .text.__aeabi_dcmplt
                0x000000000000350a       0x66 /Applications/lpcxpresso_7.3.0_186/lpcxpresso/tools/bin/../lib/gcc/arm-none-eabi/4.8.4/armv7e-m/softfp/libcr_eabihelpers.a(double.o)
                0x000000000000350a                __aeabi_dcmplt
 .text.__aeabi_dcmple
                0x0000000000003570       0x64 /Applications/lpcxpresso_7.3.0_186/lpcxpresso/tools/bin/../lib/gcc/arm-none-eabi/4.8.4/armv7e-m/softfp/libcr_eabihelpers.a(double.o)
                0x0000000000003570                __aeabi_dcmple
 .text.__aeabi_dcmpge
                0x00000000000035d4       0x60 /Applications/lpcxpresso_7.3.0_186/lpcxpresso/tools/bin/../lib/gcc/arm-none-eabi/4.8.4/armv7e-m/softfp/libcr_eabihelpers.a(double.o)
                0x00000000000035d4                __aeabi_dcmpge
 .text.__aeabi_memset_lowlevel
                0x0000000000003634       0x2c /Applications/lpcxpresso_7.3.0_186/lpcxpresso/tools/bin/../lib/gcc/arm-none-eabi/4.8.4/armv7e-m/softfp/libcr_eabihelpers.a(memcpy.o)
                0x0000000000003634                __aeabi_lowlevel_memset
 .text.__sys_appexit
                0x0000000000003660        0xc /Applications/lpcxpresso_7.3.0_186/lpcxpresso/tools/bin/../lib/gcc/arm-none-eabi/4.8.4/../../../../arm-none-eabi/lib/armv7e-m/softfp/libcr_semihost.a(__sys_appexit.o)
                0x0000000000003660                __exit
                0x0000000000003660                __sys_appexit
 .text.__sys_close
                0x000000000000366c        0xc /Applications/lpcxpresso_7.3.0_186/lpcxpresso/tools/bin/../lib/gcc/arm-none-eabi/4.8.4/../../../../arm-none-eabi/lib/armv7e-m/softfp/libcr_semihost.a(__sys_close.o)
                0x000000000000366c                __sys_close
 .text.__sys_flen
                0x0000000000003678        0xc /Applications/lpcxpresso_7.3.0_186/lpcxpresso/tools/bin/../lib/gcc/arm-none-eabi/4.8.4/../../../../arm-none-eabi/lib/armv7e-m/softfp/libcr_semihost.a(__sys_flen.o)
                0x0000000000003678                __sys_flen
 .text.__sys_istty
                0x0000000000003684        0xc /Applications/lpcxpresso_7.3.0_186/lpcxpresso/tools/bin/../lib/gcc/arm-none-eabi/4.8.4/../../../../arm-none-eabi/lib/armv7e-m/softfp/libcr_semihost.a(__sys_istty.o)
                0x0000000000003684                __sys_istty
 .text.__sys_remove
                0x0000000000003690        0xc /Applications/lpcxpresso_7.3.0_186/lpcxpresso/tools/bin/../lib/gcc/arm-none-eabi/4.8.4/../../../../arm-none-eabi/lib/armv7e-m/softfp/libcr_semihost.a(__sys_remove.o)
                0x0000000000003690                __sys_remove
 .text.__sys_seek
                0x000000000000369c        0xc /Applications/lpcxpresso_7.3.0_186/lpcxpresso/tools/bin/../lib/gcc/arm-none-eabi/4.8.4/../../../../arm-none-eabi/lib/armv7e-m/softfp/libcr_semihost.a(__sys_seek.o)
                0x000000000000369c                __sys_seek
 .text.__sys_tmpnam
                0x00000000000036a8        0xc /Applications/lpcxpresso_7.3.0_186/lpcxpresso/tools/bin/../lib/gcc/arm-none-eabi/4.8.4/../../../../arm-none-eabi/lib/armv7e-m/softfp/libcr_semihost.a(__sys_tmpnam.o)
                0x00000000000036a8                __sys_tmpnam
 .text.__sys_write
                0x00000000000036b4        0xc /Applications/lpcxpresso_7.3.0_186/lpcxpresso/tools/bin/../lib/gcc/arm-none-eabi/4.8.4/../../../../arm-none-eabi/lib/armv7e-m/softfp/libcr_semihost.a(__sys_write.o)
                0x00000000000036b4                __write
                0x00000000000036b4                __sys_write
 *(.rodata .rodata.* .constdata .constdata.*)
 .rodata.begin_flag
                0x00000000000036c0        0x1 ./src/joystick_controler.o
                0x00000000000036c0                begin_flag
 *fill*         0x00000000000036c1        0x3 
 .rodata.str1.4
                0x00000000000036c4       0x10 ./src/joystick_controler.o
 .rodata.ledports
                0x00000000000036d4        0x4 /Users/alexisyang/Documents/LPCXpresso_7.3.0/workspace/lpc_board_ea_devkit_4088/Debug/liblpc_board_ea_devkit_4088.a(board.o)
 .rodata.OscRateIn
                0x00000000000036d8        0x4 /Users/alexisyang/Documents/LPCXpresso_7.3.0/workspace/lpc_board_ea_devkit_4088/Debug/liblpc_board_ea_devkit_4088.a(board.o)
                0x00000000000036d8                OscRateIn
 .rodata.ledpins
                0x00000000000036dc        0x4 /Users/alexisyang/Documents/LPCXpresso_7.3.0/workspace/lpc_board_ea_devkit_4088/Debug/liblpc_board_ea_devkit_4088.a(board.o)
 .rodata.ledBits
                0x00000000000036e0        0x4 /Users/alexisyang/Documents/LPCXpresso_7.3.0/workspace/lpc_board_ea_devkit_4088/Debug/liblpc_board_ea_devkit_4088.a(board.o)
 .rodata.IS42S32800D_config
                0x00000000000036e4       0x74 /Users/alexisyang/Documents/LPCXpresso_7.3.0/workspace/lpc_board_ea_devkit_4088/Debug/liblpc_board_ea_devkit_4088.a(board_sysinit.o)
 .rodata.K9F1G_config
                0x0000000000003758       0x20 /Users/alexisyang/Documents/LPCXpresso_7.3.0/workspace/lpc_board_ea_devkit_4088/Debug/liblpc_board_ea_devkit_4088.a(board_sysinit.o)
 .rodata.SST39VF320_config
                0x0000000000003778       0x20 /Users/alexisyang/Documents/LPCXpresso_7.3.0/workspace/lpc_board_ea_devkit_4088/Debug/liblpc_board_ea_devkit_4088.a(board_sysinit.o)
 .rodata.pinmuxing
                0x0000000000003798       0x88 /Users/alexisyang/Documents/LPCXpresso_7.3.0/workspace/lpc_board_ea_devkit_4088/Debug/liblpc_board_ea_devkit_4088.a(board_sysinit.o)
 .rodata.str1.1
                0x0000000000003820       0x34 /Applications/lpcxpresso_7.3.0_186/lpcxpresso/tools/bin/../lib/gcc/arm-none-eabi/4.8.4/../../../../arm-none-eabi/lib/armv7e-m/softfp/libcr_c.a(fpprintf.o)
                                         0x35 (size before relaxing)
 .rodata.str1.1
                0x0000000000003854        0x4 /Applications/lpcxpresso_7.3.0_186/lpcxpresso/tools/bin/../lib/gcc/arm-none-eabi/4.8.4/../../../../arm-none-eabi/lib/armv7e-m/softfp/libcr_c.a(initio.o)
 .rodata.str1.1
                0x0000000000003858       0x31 /Applications/lpcxpresso_7.3.0_186/lpcxpresso/tools/bin/../lib/gcc/arm-none-eabi/4.8.4/../../../../arm-none-eabi/lib/armv7e-m/softfp/libcr_c.a(printf.o)
                                         0x38 (size before relaxing)
 .rodata.str1.1
                0x0000000000003889       0x18 /Applications/lpcxpresso_7.3.0_186/lpcxpresso/tools/bin/../lib/gcc/arm-none-eabi/4.8.4/../../../../arm-none-eabi/lib/armv7e-m/softfp/libcr_c.a(alloc.o)
 *fill*         0x00000000000038a1        0x7 
 .rodata.__huge_vall
                0x00000000000038a8        0x8 /Applications/lpcxpresso_7.3.0_186/lpcxpresso/tools/bin/../lib/gcc/arm-none-eabi/4.8.4/../../../../arm-none-eabi/lib/armv7e-m/softfp/libcr_c.a(_hugeval.o)
                0x00000000000038a8                __huge_vall
                0x00000000000038b0                . = ALIGN (0x4)

.glue_7         0x00000000000038b0        0x0
 .glue_7        0x0000000000000000        0x0 linker stubs

.glue_7t        0x00000000000038b0        0x0
 .glue_7t       0x0000000000000000        0x0 linker stubs

.vfp11_veneer   0x00000000000038b0        0x0
 .vfp11_veneer  0x0000000000000000        0x0 linker stubs

.v4_bx          0x00000000000038b0        0x0
 .v4_bx         0x0000000000000000        0x0 linker stubs

.iplt           0x00000000000038b0        0x0
 .iplt          0x0000000000000000        0x0 ./src/cr_startup_lpc407x_8x.o

.rel.dyn        0x00000000000038b0        0x0
 .rel.iplt      0x0000000000000000        0x0 ./src/cr_startup_lpc407x_8x.o

.ARM.extab
 *(.ARM.extab* .gnu.linkonce.armextab.*)
                0x00000000000038b0                __exidx_start = .

.ARM.exidx
 *(.ARM.exidx* .gnu.linkonce.armexidx.*)
                0x00000000000038b0                __exidx_end = .
                0x00000000000038b0                _etext = .

.data_RAM2      0x0000000020000000        0x0 load address 0x00000000000038b0
 FILL mask 0xff
 *(.ramfunc.$RAM2)
 *(.ramfunc.$RamPeriph32)
 *(.data.$RAM2*)
 *(.data.$RamPeriph32*)
                0x0000000020000000                . = ALIGN (0x4)

.uninit_RESERVED
                0x0000000010000000        0x0
 *(.bss.$RESERVED*)
                0x0000000010000000                . = ALIGN (0x4)
                0x0000000010000000                _end_uninit_RESERVED = .

.data           0x0000000010000000        0x0 load address 0x00000000000038b0
 FILL mask 0xff
                0x0000000010000000                _data = .
 *(vtable)
 *(.ramfunc*)
 *(.data*)
                0x0000000010000000                . = ALIGN (0x4)
                0x0000000010000000                _edata = .

.igot.plt       0x0000000010000000        0x0 load address 0x00000000000038b0
 .igot.plt      0x0000000000000000        0x0 ./src/cr_startup_lpc407x_8x.o

.bss_RAM2       0x0000000020000000        0x0
 *(.bss.$RAM2*)
 *(.bss.$RamPeriph32*)
                0x0000000020000000                . = ALIGN (0x4)

.bss            0x0000000010000000      0x158
                0x0000000010000000                _bss = .
 *(.bss*)
 .bss.fDebouncing
                0x0000000010000000        0x1 ./src/joystick_controler.o
 .bss.blink     0x0000000010000001        0x1 ./src/joystick_controler.o
 *fill*         0x0000000010000002        0x2 
 .bss.errno     0x0000000010000004        0x4 /Applications/lpcxpresso_7.3.0_186/lpcxpresso/tools/bin/../lib/gcc/arm-none-eabi/4.8.4/../../../../arm-none-eabi/lib/armv7e-m/softfp/libcr_c.a(errno.o)
                0x0000000010000004                errno
 *(COMMON)
 COMMON         0x0000000010000008        0x4 /Users/alexisyang/Documents/LPCXpresso_7.3.0/workspace/lpc_chip_40xx/Debug/liblpc_chip_40xx.a(chip_17xx_40xx.o)
                0x0000000010000008                SystemCoreClock
 COMMON         0x000000001000000c        0x4 /Applications/lpcxpresso_7.3.0_186/lpcxpresso/tools/bin/../lib/gcc/arm-none-eabi/4.8.4/../../../../arm-none-eabi/lib/armv7e-m/softfp/libcr_c.a(initio.o)
                0x000000001000000c                _extra
 COMMON         0x0000000010000010      0x140 /Applications/lpcxpresso_7.3.0_186/lpcxpresso/tools/bin/../lib/gcc/arm-none-eabi/4.8.4/../../../../arm-none-eabi/lib/armv7e-m/softfp/libcr_c.a(stdio.o)
                0x0000000010000010                __Ciob
 COMMON         0x0000000010000150        0x8 /Applications/lpcxpresso_7.3.0_186/lpcxpresso/tools/bin/../lib/gcc/arm-none-eabi/4.8.4/../../../../arm-none-eabi/lib/armv7e-m/softfp/libcr_c.a(__init_alloc.o)
                0x0000000010000150                __heaps
                0x0000000010000154                __end_of_heap
                0x0000000010000158                . = ALIGN (0x4)
                0x0000000010000158                _ebss = .
                0x0000000010000158                PROVIDE (end, .)

.noinit_RAM2    0x0000000020000000        0x0
 *(.noinit.$RAM2*)
 *(.noinit.$RamPeriph32*)
                0x0000000020000000                . = ALIGN (0x4)

.noinit         0x0000000010000158        0x0
                0x0000000010000158                _noinit = .
 *(.noinit*)
                0x0000000010000158                . = ALIGN (0x4)
                0x0000000010000158                _end_noinit = .
                0x0000000010000158                PROVIDE (_pvHeapStart, .)
                0x0000000010010000                PROVIDE (_vStackTop, (__top_RamLoc64 - 0x0))
OUTPUT(joystick_controler.axf elf32-littlearm)

.debug_info     0x0000000000000000     0xa419
 .debug_info    0x0000000000000000      0x29b ./src/cr_startup_lpc407x_8x.o
 .debug_info    0x000000000000029b       0x3f ./src/crp.o
 .debug_info    0x00000000000002da     0x11f9 ./src/joystick_controler.o
 .debug_info    0x00000000000014d3      0x132 ./src/sysinit.o
 .debug_info    0x0000000000001605     0x39db /Users/alexisyang/Documents/LPCXpresso_7.3.0/workspace/lpc_board_ea_devkit_4088/Debug/liblpc_board_ea_devkit_4088.a(board.o)
 .debug_info    0x0000000000004fe0      0xc43 /Users/alexisyang/Documents/LPCXpresso_7.3.0/workspace/lpc_board_ea_devkit_4088/Debug/liblpc_board_ea_devkit_4088.a(board_sysinit.o)
 .debug_info    0x0000000000005c23      0x65c /Users/alexisyang/Documents/LPCXpresso_7.3.0/workspace/lpc_chip_40xx/Debug/liblpc_chip_40xx.a(chip_17xx_40xx.o)
 .debug_info    0x000000000000627f      0xc77 /Users/alexisyang/Documents/LPCXpresso_7.3.0/workspace/lpc_chip_40xx/Debug/liblpc_chip_40xx.a(clock_17xx_40xx.o)
 .debug_info    0x0000000000006ef6      0xea5 /Users/alexisyang/Documents/LPCXpresso_7.3.0/workspace/lpc_chip_40xx/Debug/liblpc_chip_40xx.a(emc_17xx_40xx.o)
 .debug_info    0x0000000000007d9b      0x12f /Users/alexisyang/Documents/LPCXpresso_7.3.0/workspace/lpc_chip_40xx/Debug/liblpc_chip_40xx.a(fpu_init.o)
 .debug_info    0x0000000000007eca      0x216 /Users/alexisyang/Documents/LPCXpresso_7.3.0/workspace/lpc_chip_40xx/Debug/liblpc_chip_40xx.a(iocon_17xx_40xx.o)
 .debug_info    0x00000000000080e0      0x501 /Users/alexisyang/Documents/LPCXpresso_7.3.0/workspace/lpc_chip_40xx/Debug/liblpc_chip_40xx.a(sysctl_17xx_40xx.o)
 .debug_info    0x00000000000085e1      0x705 /Users/alexisyang/Documents/LPCXpresso_7.3.0/workspace/lpc_chip_40xx/Debug/liblpc_chip_40xx.a(sysinit_17xx_40xx.o)
 .debug_info    0x0000000000008ce6      0x44a /Users/alexisyang/Documents/LPCXpresso_7.3.0/workspace/lpc_chip_40xx/Debug/liblpc_chip_40xx.a(timer_17xx_40xx.o)
 .debug_info    0x0000000000009130     0x12e9 /Users/alexisyang/Documents/LPCXpresso_7.3.0/workspace/lpc_chip_40xx/Debug/liblpc_chip_40xx.a(uart_17xx_40xx.o)

.debug_abbrev   0x0000000000000000     0x1e2d
 .debug_abbrev  0x0000000000000000      0x120 ./src/cr_startup_lpc407x_8x.o
 .debug_abbrev  0x0000000000000120       0x36 ./src/crp.o
 .debug_abbrev  0x0000000000000156      0x2f9 ./src/joystick_controler.o
 .debug_abbrev  0x000000000000044f       0xbf ./src/sysinit.o
 .debug_abbrev  0x000000000000050e      0x480 /Users/alexisyang/Documents/LPCXpresso_7.3.0/workspace/lpc_board_ea_devkit_4088/Debug/liblpc_board_ea_devkit_4088.a(board.o)
 .debug_abbrev  0x000000000000098e      0x29d /Users/alexisyang/Documents/LPCXpresso_7.3.0/workspace/lpc_board_ea_devkit_4088/Debug/liblpc_board_ea_devkit_4088.a(board_sysinit.o)
 .debug_abbrev  0x0000000000000c2b      0x1e5 /Users/alexisyang/Documents/LPCXpresso_7.3.0/workspace/lpc_chip_40xx/Debug/liblpc_chip_40xx.a(chip_17xx_40xx.o)
 .debug_abbrev  0x0000000000000e10      0x2f1 /Users/alexisyang/Documents/LPCXpresso_7.3.0/workspace/lpc_chip_40xx/Debug/liblpc_chip_40xx.a(clock_17xx_40xx.o)
 .debug_abbrev  0x0000000000001101      0x255 /Users/alexisyang/Documents/LPCXpresso_7.3.0/workspace/lpc_chip_40xx/Debug/liblpc_chip_40xx.a(emc_17xx_40xx.o)
 .debug_abbrev  0x0000000000001356       0xa2 /Users/alexisyang/Documents/LPCXpresso_7.3.0/workspace/lpc_chip_40xx/Debug/liblpc_chip_40xx.a(fpu_init.o)
 .debug_abbrev  0x00000000000013f8      0x13e /Users/alexisyang/Documents/LPCXpresso_7.3.0/workspace/lpc_chip_40xx/Debug/liblpc_chip_40xx.a(iocon_17xx_40xx.o)
 .debug_abbrev  0x0000000000001536      0x158 /Users/alexisyang/Documents/LPCXpresso_7.3.0/workspace/lpc_chip_40xx/Debug/liblpc_chip_40xx.a(sysctl_17xx_40xx.o)
 .debug_abbrev  0x000000000000168e      0x1f2 /Users/alexisyang/Documents/LPCXpresso_7.3.0/workspace/lpc_chip_40xx/Debug/liblpc_chip_40xx.a(sysinit_17xx_40xx.o)
 .debug_abbrev  0x0000000000001880      0x1c1 /Users/alexisyang/Documents/LPCXpresso_7.3.0/workspace/lpc_chip_40xx/Debug/liblpc_chip_40xx.a(timer_17xx_40xx.o)
 .debug_abbrev  0x0000000000001a41      0x3ec /Users/alexisyang/Documents/LPCXpresso_7.3.0/workspace/lpc_chip_40xx/Debug/liblpc_chip_40xx.a(uart_17xx_40xx.o)

.debug_loc      0x0000000000000000     0x2b7d
 .debug_loc     0x0000000000000000      0x1d1 ./src/cr_startup_lpc407x_8x.o
 .debug_loc     0x00000000000001d1       0x67 ./src/joystick_controler.o
 .debug_loc     0x0000000000000238     0x11ec /Users/alexisyang/Documents/LPCXpresso_7.3.0/workspace/lpc_board_ea_devkit_4088/Debug/liblpc_board_ea_devkit_4088.a(board.o)
 .debug_loc     0x0000000000001424       0xeb /Users/alexisyang/Documents/LPCXpresso_7.3.0/workspace/lpc_board_ea_devkit_4088/Debug/liblpc_board_ea_devkit_4088.a(board_sysinit.o)
 .debug_loc     0x000000000000150f      0x42b /Users/alexisyang/Documents/LPCXpresso_7.3.0/workspace/lpc_chip_40xx/Debug/liblpc_chip_40xx.a(clock_17xx_40xx.o)
 .debug_loc     0x000000000000193a      0x41f /Users/alexisyang/Documents/LPCXpresso_7.3.0/workspace/lpc_chip_40xx/Debug/liblpc_chip_40xx.a(emc_17xx_40xx.o)
 .debug_loc     0x0000000000001d59       0x1f /Users/alexisyang/Documents/LPCXpresso_7.3.0/workspace/lpc_chip_40xx/Debug/liblpc_chip_40xx.a(fpu_init.o)
 .debug_loc     0x0000000000001d78       0xb1 /Users/alexisyang/Documents/LPCXpresso_7.3.0/workspace/lpc_chip_40xx/Debug/liblpc_chip_40xx.a(iocon_17xx_40xx.o)
 .debug_loc     0x0000000000001e29       0x6c /Users/alexisyang/Documents/LPCXpresso_7.3.0/workspace/lpc_chip_40xx/Debug/liblpc_chip_40xx.a(sysctl_17xx_40xx.o)
 .debug_loc     0x0000000000001e95      0x16d /Users/alexisyang/Documents/LPCXpresso_7.3.0/workspace/lpc_chip_40xx/Debug/liblpc_chip_40xx.a(timer_17xx_40xx.o)
 .debug_loc     0x0000000000002002      0xb7b /Users/alexisyang/Documents/LPCXpresso_7.3.0/workspace/lpc_chip_40xx/Debug/liblpc_chip_40xx.a(uart_17xx_40xx.o)

.debug_aranges  0x0000000000000000      0x560
 .debug_aranges
                0x0000000000000000       0x80 ./src/cr_startup_lpc407x_8x.o
 .debug_aranges
                0x0000000000000080       0x18 ./src/crp.o
 .debug_aranges
                0x0000000000000098       0x38 ./src/joystick_controler.o
 .debug_aranges
                0x00000000000000d0       0x20 ./src/sysinit.o
 .debug_aranges
                0x00000000000000f0      0x138 /Users/alexisyang/Documents/LPCXpresso_7.3.0/workspace/lpc_board_ea_devkit_4088/Debug/liblpc_board_ea_devkit_4088.a(board.o)
 .debug_aranges
                0x0000000000000228       0x38 /Users/alexisyang/Documents/LPCXpresso_7.3.0/workspace/lpc_board_ea_devkit_4088/Debug/liblpc_board_ea_devkit_4088.a(board_sysinit.o)
 .debug_aranges
                0x0000000000000260       0x28 /Users/alexisyang/Documents/LPCXpresso_7.3.0/workspace/lpc_chip_40xx/Debug/liblpc_chip_40xx.a(chip_17xx_40xx.o)
 .debug_aranges
                0x0000000000000288       0xd8 /Users/alexisyang/Documents/LPCXpresso_7.3.0/workspace/lpc_chip_40xx/Debug/liblpc_chip_40xx.a(clock_17xx_40xx.o)
 .debug_aranges
                0x0000000000000360       0x70 /Users/alexisyang/Documents/LPCXpresso_7.3.0/workspace/lpc_chip_40xx/Debug/liblpc_chip_40xx.a(emc_17xx_40xx.o)
 .debug_aranges
                0x00000000000003d0       0x20 /Users/alexisyang/Documents/LPCXpresso_7.3.0/workspace/lpc_chip_40xx/Debug/liblpc_chip_40xx.a(fpu_init.o)
 .debug_aranges
                0x00000000000003f0       0x20 /Users/alexisyang/Documents/LPCXpresso_7.3.0/workspace/lpc_chip_40xx/Debug/liblpc_chip_40xx.a(iocon_17xx_40xx.o)
 .debug_aranges
                0x0000000000000410       0x28 /Users/alexisyang/Documents/LPCXpresso_7.3.0/workspace/lpc_chip_40xx/Debug/liblpc_chip_40xx.a(sysctl_17xx_40xx.o)
 .debug_aranges
                0x0000000000000438       0x30 /Users/alexisyang/Documents/LPCXpresso_7.3.0/workspace/lpc_chip_40xx/Debug/liblpc_chip_40xx.a(sysinit_17xx_40xx.o)
 .debug_aranges
                0x0000000000000468       0x40 /Users/alexisyang/Documents/LPCXpresso_7.3.0/workspace/lpc_chip_40xx/Debug/liblpc_chip_40xx.a(timer_17xx_40xx.o)
 .debug_aranges
                0x00000000000004a8       0xb8 /Users/alexisyang/Documents/LPCXpresso_7.3.0/workspace/lpc_chip_40xx/Debug/liblpc_chip_40xx.a(uart_17xx_40xx.o)

.debug_ranges   0x0000000000000000      0x4e8
 .debug_ranges  0x0000000000000000       0x70 ./src/cr_startup_lpc407x_8x.o
 .debug_ranges  0x0000000000000070       0x28 ./src/joystick_controler.o
 .debug_ranges  0x0000000000000098       0x10 ./src/sysinit.o
 .debug_ranges  0x00000000000000a8      0x188 /Users/alexisyang/Documents/LPCXpresso_7.3.0/workspace/lpc_board_ea_devkit_4088/Debug/liblpc_board_ea_devkit_4088.a(board.o)
 .debug_ranges  0x0000000000000230       0x48 /Users/alexisyang/Documents/LPCXpresso_7.3.0/workspace/lpc_board_ea_devkit_4088/Debug/liblpc_board_ea_devkit_4088.a(board_sysinit.o)
 .debug_ranges  0x0000000000000278       0x18 /Users/alexisyang/Documents/LPCXpresso_7.3.0/workspace/lpc_chip_40xx/Debug/liblpc_chip_40xx.a(chip_17xx_40xx.o)
 .debug_ranges  0x0000000000000290       0xc8 /Users/alexisyang/Documents/LPCXpresso_7.3.0/workspace/lpc_chip_40xx/Debug/liblpc_chip_40xx.a(clock_17xx_40xx.o)
 .debug_ranges  0x0000000000000358       0x60 /Users/alexisyang/Documents/LPCXpresso_7.3.0/workspace/lpc_chip_40xx/Debug/liblpc_chip_40xx.a(emc_17xx_40xx.o)
 .debug_ranges  0x00000000000003b8       0x10 /Users/alexisyang/Documents/LPCXpresso_7.3.0/workspace/lpc_chip_40xx/Debug/liblpc_chip_40xx.a(fpu_init.o)
 .debug_ranges  0x00000000000003c8       0x10 /Users/alexisyang/Documents/LPCXpresso_7.3.0/workspace/lpc_chip_40xx/Debug/liblpc_chip_40xx.a(iocon_17xx_40xx.o)
 .debug_ranges  0x00000000000003d8       0x18 /Users/alexisyang/Documents/LPCXpresso_7.3.0/workspace/lpc_chip_40xx/Debug/liblpc_chip_40xx.a(sysctl_17xx_40xx.o)
 .debug_ranges  0x00000000000003f0       0x20 /Users/alexisyang/Documents/LPCXpresso_7.3.0/workspace/lpc_chip_40xx/Debug/liblpc_chip_40xx.a(sysinit_17xx_40xx.o)
 .debug_ranges  0x0000000000000410       0x30 /Users/alexisyang/Documents/LPCXpresso_7.3.0/workspace/lpc_chip_40xx/Debug/liblpc_chip_40xx.a(timer_17xx_40xx.o)
 .debug_ranges  0x0000000000000440       0xa8 /Users/alexisyang/Documents/LPCXpresso_7.3.0/workspace/lpc_chip_40xx/Debug/liblpc_chip_40xx.a(uart_17xx_40xx.o)

.debug_macro    0x0000000000000000     0x6f53
 .debug_macro   0x0000000000000000       0x1d ./src/cr_startup_lpc407x_8x.o
 .debug_macro   0x000000000000001d      0x874 ./src/cr_startup_lpc407x_8x.o
 .debug_macro   0x0000000000000891       0x1a ./src/crp.o
 .debug_macro   0x00000000000008ab       0x34 ./src/crp.o
 .debug_macro   0x00000000000008df      0x2aa ./src/joystick_controler.o
 .debug_macro   0x0000000000000b89       0x10 ./src/joystick_controler.o
 .debug_macro   0x0000000000000b99      0x122 ./src/joystick_controler.o
 .debug_macro   0x0000000000000cbb      0x5b9 ./src/joystick_controler.o
 .debug_macro   0x0000000000001274       0x22 ./src/joystick_controler.o
 .debug_macro   0x0000000000001296       0x74 ./src/joystick_controler.o
 .debug_macro   0x000000000000130a       0x16 ./src/joystick_controler.o
 .debug_macro   0x0000000000001320       0x2d ./src/joystick_controler.o
 .debug_macro   0x000000000000134d       0x3b ./src/joystick_controler.o
 .debug_macro   0x0000000000001388       0x2d ./src/joystick_controler.o
 .debug_macro   0x00000000000013b5       0x42 ./src/joystick_controler.o
 .debug_macro   0x00000000000013f7      0xd39 ./src/joystick_controler.o
 .debug_macro   0x0000000000002130      0x295 ./src/joystick_controler.o
 .debug_macro   0x00000000000023c5       0x50 ./src/joystick_controler.o
 .debug_macro   0x0000000000002415       0x34 ./src/joystick_controler.o
 .debug_macro   0x0000000000002449      0x152 ./src/joystick_controler.o
 .debug_macro   0x000000000000259b       0x82 ./src/joystick_controler.o
 .debug_macro   0x000000000000261d      0x48c ./src/joystick_controler.o
 .debug_macro   0x0000000000002aa9      0x12d ./src/joystick_controler.o
 .debug_macro   0x0000000000002bd6       0x6a ./src/joystick_controler.o
 .debug_macro   0x0000000000002c40       0x34 ./src/joystick_controler.o
 .debug_macro   0x0000000000002c74       0x58 ./src/joystick_controler.o
 .debug_macro   0x0000000000002ccc      0x236 ./src/joystick_controler.o
 .debug_macro   0x0000000000002f02      0x4c5 ./src/joystick_controler.o
 .debug_macro   0x00000000000033c7      0x1da ./src/joystick_controler.o
 .debug_macro   0x00000000000035a1       0x10 ./src/joystick_controler.o
 .debug_macro   0x00000000000035b1      0x21b ./src/joystick_controler.o
 .debug_macro   0x00000000000037cc      0x1b9 ./src/joystick_controler.o
 .debug_macro   0x0000000000003985       0x2e ./src/joystick_controler.o
 .debug_macro   0x00000000000039b3       0x40 ./src/joystick_controler.o
 .debug_macro   0x00000000000039f3      0x209 ./src/joystick_controler.o
 .debug_macro   0x0000000000003bfc      0x2b3 ./src/joystick_controler.o
 .debug_macro   0x0000000000003eaf      0x34c ./src/joystick_controler.o
 .debug_macro   0x00000000000041fb       0xb2 ./src/joystick_controler.o
 .debug_macro   0x00000000000042ad       0x16 ./src/joystick_controler.o
 .debug_macro   0x00000000000042c3       0xb8 ./src/joystick_controler.o
 .debug_macro   0x000000000000437b       0x4c ./src/joystick_controler.o
 .debug_macro   0x00000000000043c7       0x16 ./src/joystick_controler.o
 .debug_macro   0x00000000000043dd      0x328 ./src/joystick_controler.o
 .debug_macro   0x0000000000004705       0x3a ./src/joystick_controler.o
 .debug_macro   0x000000000000473f       0x16 ./src/joystick_controler.o
 .debug_macro   0x0000000000004755       0xca ./src/joystick_controler.o
 .debug_macro   0x000000000000481f       0x18 ./src/joystick_controler.o
 .debug_macro   0x0000000000004837       0x16 ./src/joystick_controler.o
 .debug_macro   0x000000000000484d       0x8e ./src/joystick_controler.o
 .debug_macro   0x00000000000048db      0x124 ./src/joystick_controler.o
 .debug_macro   0x00000000000049ff       0x6c ./src/joystick_controler.o
 .debug_macro   0x0000000000004a6b       0x9a ./src/joystick_controler.o
 .debug_macro   0x0000000000004b05       0x20 ./src/joystick_controler.o
 .debug_macro   0x0000000000004b25       0x2e ./src/joystick_controler.o
 .debug_macro   0x0000000000004b53      0x296 ./src/sysinit.o
 .debug_macro   0x0000000000004de9       0x7b ./src/sysinit.o
 .debug_macro   0x0000000000004e64      0x3c6 /Users/alexisyang/Documents/LPCXpresso_7.3.0/workspace/lpc_board_ea_devkit_4088/Debug/liblpc_board_ea_devkit_4088.a(board.o)
 .debug_macro   0x000000000000522a      0x868 /Users/alexisyang/Documents/LPCXpresso_7.3.0/workspace/lpc_board_ea_devkit_4088/Debug/liblpc_board_ea_devkit_4088.a(board.o)
 .debug_macro   0x0000000000005a92      0x29c /Users/alexisyang/Documents/LPCXpresso_7.3.0/workspace/lpc_board_ea_devkit_4088/Debug/liblpc_board_ea_devkit_4088.a(board_sysinit.o)
 .debug_macro   0x0000000000005d2e      0x22c /Users/alexisyang/Documents/LPCXpresso_7.3.0/workspace/lpc_chip_40xx/Debug/liblpc_chip_40xx.a(chip_17xx_40xx.o)
 .debug_macro   0x0000000000005f5a      0x22c /Users/alexisyang/Documents/LPCXpresso_7.3.0/workspace/lpc_chip_40xx/Debug/liblpc_chip_40xx.a(clock_17xx_40xx.o)
 .debug_macro   0x0000000000006186      0x232 /Users/alexisyang/Documents/LPCXpresso_7.3.0/workspace/lpc_chip_40xx/Debug/liblpc_chip_40xx.a(emc_17xx_40xx.o)
 .debug_macro   0x00000000000063b8       0xbf /Users/alexisyang/Documents/LPCXpresso_7.3.0/workspace/lpc_chip_40xx/Debug/liblpc_chip_40xx.a(fpu_init.o)
 .debug_macro   0x0000000000006477      0x22c /Users/alexisyang/Documents/LPCXpresso_7.3.0/workspace/lpc_chip_40xx/Debug/liblpc_chip_40xx.a(iocon_17xx_40xx.o)
 .debug_macro   0x00000000000066a3      0x22c /Users/alexisyang/Documents/LPCXpresso_7.3.0/workspace/lpc_chip_40xx/Debug/liblpc_chip_40xx.a(sysctl_17xx_40xx.o)
 .debug_macro   0x00000000000068cf      0x22c /Users/alexisyang/Documents/LPCXpresso_7.3.0/workspace/lpc_chip_40xx/Debug/liblpc_chip_40xx.a(sysinit_17xx_40xx.o)
 .debug_macro   0x0000000000006afb      0x22c /Users/alexisyang/Documents/LPCXpresso_7.3.0/workspace/lpc_chip_40xx/Debug/liblpc_chip_40xx.a(timer_17xx_40xx.o)
 .debug_macro   0x0000000000006d27      0x22c /Users/alexisyang/Documents/LPCXpresso_7.3.0/workspace/lpc_chip_40xx/Debug/liblpc_chip_40xx.a(uart_17xx_40xx.o)

.debug_line     0x0000000000000000     0x4e54
 .debug_line    0x0000000000000000       0xb1 ./src/cr_startup_lpc407x_8x.o
 .debug_line    0x00000000000000b1       0x7f ./src/crp.o
 .debug_line    0x0000000000000130      0x6b3 ./src/joystick_controler.o
 .debug_line    0x00000000000007e3      0x57f ./src/sysinit.o
 .debug_line    0x0000000000000d62      0xafe /Users/alexisyang/Documents/LPCXpresso_7.3.0/workspace/lpc_board_ea_devkit_4088/Debug/liblpc_board_ea_devkit_4088.a(board.o)
 .debug_line    0x0000000000001860      0x626 /Users/alexisyang/Documents/LPCXpresso_7.3.0/workspace/lpc_board_ea_devkit_4088/Debug/liblpc_board_ea_devkit_4088.a(board_sysinit.o)
 .debug_line    0x0000000000001e86      0x4dc /Users/alexisyang/Documents/LPCXpresso_7.3.0/workspace/lpc_chip_40xx/Debug/liblpc_chip_40xx.a(chip_17xx_40xx.o)
 .debug_line    0x0000000000002362      0x719 /Users/alexisyang/Documents/LPCXpresso_7.3.0/workspace/lpc_chip_40xx/Debug/liblpc_chip_40xx.a(clock_17xx_40xx.o)
 .debug_line    0x0000000000002a7b      0x62f /Users/alexisyang/Documents/LPCXpresso_7.3.0/workspace/lpc_chip_40xx/Debug/liblpc_chip_40xx.a(emc_17xx_40xx.o)
 .debug_line    0x00000000000030aa      0x1f7 /Users/alexisyang/Documents/LPCXpresso_7.3.0/workspace/lpc_chip_40xx/Debug/liblpc_chip_40xx.a(fpu_init.o)
 .debug_line    0x00000000000032a1      0x4d4 /Users/alexisyang/Documents/LPCXpresso_7.3.0/workspace/lpc_chip_40xx/Debug/liblpc_chip_40xx.a(iocon_17xx_40xx.o)
 .debug_line    0x0000000000003775      0x4c8 /Users/alexisyang/Documents/LPCXpresso_7.3.0/workspace/lpc_chip_40xx/Debug/liblpc_chip_40xx.a(sysctl_17xx_40xx.o)
 .debug_line    0x0000000000003c3d      0x560 /Users/alexisyang/Documents/LPCXpresso_7.3.0/workspace/lpc_chip_40xx/Debug/liblpc_chip_40xx.a(sysinit_17xx_40xx.o)
 .debug_line    0x000000000000419d      0x50d /Users/alexisyang/Documents/LPCXpresso_7.3.0/workspace/lpc_chip_40xx/Debug/liblpc_chip_40xx.a(timer_17xx_40xx.o)
 .debug_line    0x00000000000046aa      0x7aa /Users/alexisyang/Documents/LPCXpresso_7.3.0/workspace/lpc_chip_40xx/Debug/liblpc_chip_40xx.a(uart_17xx_40xx.o)

.debug_str      0x0000000000000000    0x1a788
 .debug_str     0x0000000000000000     0x265d ./src/cr_startup_lpc407x_8x.o
                                       0x267b (size before relaxing)
 .debug_str     0x000000000000265d       0xe9 ./src/crp.o
                                       0x2577 (size before relaxing)
 .debug_str     0x0000000000002746    0x150eb ./src/joystick_controler.o
                                      0x176d4 (size before relaxing)
 .debug_str     0x0000000000017831       0x3c ./src/sysinit.o
                                      0x16e5d (size before relaxing)
 .debug_str     0x000000000001786d     0x1609 /Users/alexisyang/Documents/LPCXpresso_7.3.0/workspace/lpc_board_ea_devkit_4088/Debug/liblpc_board_ea_devkit_4088.a(board.o)
                                      0x18580 (size before relaxing)
 .debug_str     0x0000000000018e76      0x753 /Users/alexisyang/Documents/LPCXpresso_7.3.0/workspace/lpc_board_ea_devkit_4088/Debug/liblpc_board_ea_devkit_4088.a(board_sysinit.o)
                                      0x17aa0 (size before relaxing)
 .debug_str     0x00000000000195c9      0x15d /Users/alexisyang/Documents/LPCXpresso_7.3.0/workspace/lpc_chip_40xx/Debug/liblpc_chip_40xx.a(chip_17xx_40xx.o)
                                      0x16848 (size before relaxing)
 .debug_str     0x0000000000019726      0x579 /Users/alexisyang/Documents/LPCXpresso_7.3.0/workspace/lpc_chip_40xx/Debug/liblpc_chip_40xx.a(clock_17xx_40xx.o)
                                      0x16c6c (size before relaxing)
 .debug_str     0x0000000000019c9f      0x465 /Users/alexisyang/Documents/LPCXpresso_7.3.0/workspace/lpc_chip_40xx/Debug/liblpc_chip_40xx.a(emc_17xx_40xx.o)
                                      0x1683a (size before relaxing)
 .debug_str     0x000000000001a104       0xad /Users/alexisyang/Documents/LPCXpresso_7.3.0/workspace/lpc_chip_40xx/Debug/liblpc_chip_40xx.a(fpu_init.o)
                                       0x9851 (size before relaxing)
 .debug_str     0x000000000001a1b1       0x2e /Users/alexisyang/Documents/LPCXpresso_7.3.0/workspace/lpc_chip_40xx/Debug/liblpc_chip_40xx.a(iocon_17xx_40xx.o)
                                      0x1617c (size before relaxing)
 .debug_str     0x000000000001a1df       0x5b /Users/alexisyang/Documents/LPCXpresso_7.3.0/workspace/lpc_chip_40xx/Debug/liblpc_chip_40xx.a(sysctl_17xx_40xx.o)
                                      0x1656f (size before relaxing)
 .debug_str     0x000000000001a23a       0xc3 /Users/alexisyang/Documents/LPCXpresso_7.3.0/workspace/lpc_chip_40xx/Debug/liblpc_chip_40xx.a(sysinit_17xx_40xx.o)
                                      0x164e6 (size before relaxing)
 .debug_str     0x000000000001a2fd      0x110 /Users/alexisyang/Documents/LPCXpresso_7.3.0/workspace/lpc_chip_40xx/Debug/liblpc_chip_40xx.a(timer_17xx_40xx.o)
                                      0x16534 (size before relaxing)
 .debug_str     0x000000000001a40d      0x37b /Users/alexisyang/Documents/LPCXpresso_7.3.0/workspace/lpc_chip_40xx/Debug/liblpc_chip_40xx.a(uart_17xx_40xx.o)
                                      0x16ab5 (size before relaxing)

.comment        0x0000000000000000       0xe0
 .comment       0x0000000000000000       0x70 ./src/cr_startup_lpc407x_8x.o
                                         0x71 (size before relaxing)
 .comment       0x0000000000000000       0x71 ./src/crp.o
 .comment       0x0000000000000000       0x71 ./src/joystick_controler.o
 .comment       0x0000000000000000       0x71 ./src/sysinit.o
 .comment       0x0000000000000000       0x71 /Users/alexisyang/Documents/LPCXpresso_7.3.0/workspace/lpc_board_ea_devkit_4088/Debug/liblpc_board_ea_devkit_4088.a(board.o)
 .comment       0x0000000000000000       0x71 /Users/alexisyang/Documents/LPCXpresso_7.3.0/workspace/lpc_board_ea_devkit_4088/Debug/liblpc_board_ea_devkit_4088.a(board_sysinit.o)
 .comment       0x0000000000000000       0x71 /Users/alexisyang/Documents/LPCXpresso_7.3.0/workspace/lpc_chip_40xx/Debug/liblpc_chip_40xx.a(chip_17xx_40xx.o)
 .comment       0x0000000000000000       0x71 /Users/alexisyang/Documents/LPCXpresso_7.3.0/workspace/lpc_chip_40xx/Debug/liblpc_chip_40xx.a(clock_17xx_40xx.o)
 .comment       0x0000000000000000       0x71 /Users/alexisyang/Documents/LPCXpresso_7.3.0/workspace/lpc_chip_40xx/Debug/liblpc_chip_40xx.a(emc_17xx_40xx.o)
 .comment       0x0000000000000000       0x71 /Users/alexisyang/Documents/LPCXpresso_7.3.0/workspace/lpc_chip_40xx/Debug/liblpc_chip_40xx.a(fpu_init.o)
 .comment       0x0000000000000000       0x71 /Users/alexisyang/Documents/LPCXpresso_7.3.0/workspace/lpc_chip_40xx/Debug/liblpc_chip_40xx.a(iocon_17xx_40xx.o)
 .comment       0x0000000000000000       0x71 /Users/alexisyang/Documents/LPCXpresso_7.3.0/workspace/lpc_chip_40xx/Debug/liblpc_chip_40xx.a(sysctl_17xx_40xx.o)
 .comment       0x0000000000000000       0x71 /Users/alexisyang/Documents/LPCXpresso_7.3.0/workspace/lpc_chip_40xx/Debug/liblpc_chip_40xx.a(sysinit_17xx_40xx.o)
 .comment       0x0000000000000000       0x71 /Users/alexisyang/Documents/LPCXpresso_7.3.0/workspace/lpc_chip_40xx/Debug/liblpc_chip_40xx.a(timer_17xx_40xx.o)
 .comment       0x0000000000000000       0x71 /Users/alexisyang/Documents/LPCXpresso_7.3.0/workspace/lpc_chip_40xx/Debug/liblpc_chip_40xx.a(uart_17xx_40xx.o)
 .comment       0x0000000000000070       0x70 /Applications/lpcxpresso_7.3.0_186/lpcxpresso/tools/bin/../lib/gcc/arm-none-eabi/4.8.4/../../../../arm-none-eabi/lib/armv7e-m/softfp/libcr_semihost.a(_cr__main.o)
                                         0x71 (size before relaxing)
 .comment       0x0000000000000000       0x71 /Applications/lpcxpresso_7.3.0_186/lpcxpresso/tools/bin/../lib/gcc/arm-none-eabi/4.8.4/../../../../arm-none-eabi/lib/armv7e-m/softfp/libcr_c.a(fpprintf.o)
 .comment       0x0000000000000000       0x71 /Applications/lpcxpresso_7.3.0_186/lpcxpresso/tools/bin/../lib/gcc/arm-none-eabi/4.8.4/../../../../arm-none-eabi/lib/armv7e-m/softfp/libcr_c.a(initio.o)
 .comment       0x0000000000000000       0x71 /Applications/lpcxpresso_7.3.0_186/lpcxpresso/tools/bin/../lib/gcc/arm-none-eabi/4.8.4/../../../../arm-none-eabi/lib/armv7e-m/softfp/libcr_c.a(printf.o)
 .comment       0x0000000000000000       0x71 /Applications/lpcxpresso_7.3.0_186/lpcxpresso/tools/bin/../lib/gcc/arm-none-eabi/4.8.4/../../../../arm-none-eabi/lib/armv7e-m/softfp/libcr_c.a(setvbuf.o)
 .comment       0x0000000000000000       0x71 /Applications/lpcxpresso_7.3.0_186/lpcxpresso/tools/bin/../lib/gcc/arm-none-eabi/4.8.4/../../../../arm-none-eabi/lib/armv7e-m/softfp/libcr_c.a(stdio.o)
 .comment       0x0000000000000000       0x71 /Applications/lpcxpresso_7.3.0_186/lpcxpresso/tools/bin/../lib/gcc/arm-none-eabi/4.8.4/../../../../arm-none-eabi/lib/armv7e-m/softfp/libcr_c.a(strlen.o)
 .comment       0x0000000000000000       0x71 /Applications/lpcxpresso_7.3.0_186/lpcxpresso/tools/bin/../lib/gcc/arm-none-eabi/4.8.4/../../../../arm-none-eabi/lib/armv7e-m/softfp/libcr_c.a(memset.o)
 .comment       0x0000000000000000       0x71 /Applications/lpcxpresso_7.3.0_186/lpcxpresso/tools/bin/../lib/gcc/arm-none-eabi/4.8.4/../../../../arm-none-eabi/lib/armv7e-m/softfp/libcr_c.a(_deferredlazyseek.o)
 .comment       0x0000000000000000       0x71 /Applications/lpcxpresso_7.3.0_186/lpcxpresso/tools/bin/../lib/gcc/arm-none-eabi/4.8.4/../../../../arm-none-eabi/lib/armv7e-m/softfp/libcr_c.a(_fdopen.o)
 .comment       0x0000000000000000       0x71 /Applications/lpcxpresso_7.3.0_186/lpcxpresso/tools/bin/../lib/gcc/arm-none-eabi/4.8.4/../../../../arm-none-eabi/lib/armv7e-m/softfp/libcr_c.a(_fflush.o)
 .comment       0x0000000000000000       0x71 /Applications/lpcxpresso_7.3.0_186/lpcxpresso/tools/bin/../lib/gcc/arm-none-eabi/4.8.4/../../../../arm-none-eabi/lib/armv7e-m/softfp/libcr_c.a(_frexpl.o)
 .comment       0x0000000000000000       0x71 /Applications/lpcxpresso_7.3.0_186/lpcxpresso/tools/bin/../lib/gcc/arm-none-eabi/4.8.4/../../../../arm-none-eabi/lib/armv7e-m/softfp/libcr_c.a(_ldexpl.o)
 .comment       0x0000000000000000       0x71 /Applications/lpcxpresso_7.3.0_186/lpcxpresso/tools/bin/../lib/gcc/arm-none-eabi/4.8.4/../../../../arm-none-eabi/lib/armv7e-m/softfp/libcr_c.a(_writebuf.o)
 .comment       0x0000000000000000       0x71 /Applications/lpcxpresso_7.3.0_186/lpcxpresso/tools/bin/../lib/gcc/arm-none-eabi/4.8.4/../../../../arm-none-eabi/lib/armv7e-m/softfp/libcr_c.a(alloc.o)
 .comment       0x0000000000000000       0x71 /Applications/lpcxpresso_7.3.0_186/lpcxpresso/tools/bin/../lib/gcc/arm-none-eabi/4.8.4/../../../../arm-none-eabi/lib/armv7e-m/softfp/libcr_c.a(errno.o)
 .comment       0x0000000000000000       0x71 /Applications/lpcxpresso_7.3.0_186/lpcxpresso/tools/bin/../lib/gcc/arm-none-eabi/4.8.4/../../../../arm-none-eabi/lib/armv7e-m/softfp/libcr_c.a(fclose.o)
 .comment       0x0000000000000000       0x71 /Applications/lpcxpresso_7.3.0_186/lpcxpresso/tools/bin/../lib/gcc/arm-none-eabi/4.8.4/../../../../arm-none-eabi/lib/armv7e-m/softfp/libcr_c.a(fflush.o)
 .comment       0x0000000000000000       0x71 /Applications/lpcxpresso_7.3.0_186/lpcxpresso/tools/bin/../lib/gcc/arm-none-eabi/4.8.4/../../../../arm-none-eabi/lib/armv7e-m/softfp/libcr_c.a(fseek.o)
 .comment       0x0000000000000000       0x71 /Applications/lpcxpresso_7.3.0_186/lpcxpresso/tools/bin/../lib/gcc/arm-none-eabi/4.8.4/../../../../arm-none-eabi/lib/armv7e-m/softfp/libcr_c.a(ftell.o)
 .comment       0x0000000000000000       0x71 /Applications/lpcxpresso_7.3.0_186/lpcxpresso/tools/bin/../lib/gcc/arm-none-eabi/4.8.4/../../../../arm-none-eabi/lib/armv7e-m/softfp/libcr_c.a(remove.o)
 .comment       0x0000000000000000       0x71 /Applications/lpcxpresso_7.3.0_186/lpcxpresso/tools/bin/../lib/gcc/arm-none-eabi/4.8.4/../../../../arm-none-eabi/lib/armv7e-m/softfp/libcr_c.a(__init_alloc.o)
 .comment       0x0000000000000000       0x71 /Applications/lpcxpresso_7.3.0_186/lpcxpresso/tools/bin/../lib/gcc/arm-none-eabi/4.8.4/../../../../arm-none-eabi/lib/armv7e-m/softfp/libcr_c.a(_cr_sbrk.o)
 .comment       0x0000000000000000       0x71 /Applications/lpcxpresso_7.3.0_186/lpcxpresso/tools/bin/../lib/gcc/arm-none-eabi/4.8.4/../../../../arm-none-eabi/lib/armv7e-m/softfp/libcr_c.a(_do_fflush.o)
 .comment       0x0000000000000000       0x71 /Applications/lpcxpresso_7.3.0_186/lpcxpresso/tools/bin/../lib/gcc/arm-none-eabi/4.8.4/../../../../arm-none-eabi/lib/armv7e-m/softfp/libcr_c.a(_hugeval.o)
 .comment       0x0000000000000000       0x71 /Applications/lpcxpresso_7.3.0_186/lpcxpresso/tools/bin/../lib/gcc/arm-none-eabi/4.8.4/../../../../arm-none-eabi/lib/armv7e-m/softfp/libcr_c.a(_cr_check_heap.o)
 .comment       0x0000000000000000       0x71 /Applications/lpcxpresso_7.3.0_186/lpcxpresso/tools/bin/../lib/gcc/arm-none-eabi/4.8.4/armv7e-m/softfp/libcr_eabihelpers.a(double.o)

.ARM.attributes
                0x0000000000000000       0x35
 .ARM.attributes
                0x0000000000000000       0x37 ./src/cr_startup_lpc407x_8x.o
 .ARM.attributes
                0x0000000000000037       0x37 ./src/crp.o
 .ARM.attributes
                0x000000000000006e       0x37 ./src/joystick_controler.o
 .ARM.attributes
                0x00000000000000a5       0x37 ./src/sysinit.o
 .ARM.attributes
                0x00000000000000dc       0x37 /Users/alexisyang/Documents/LPCXpresso_7.3.0/workspace/lpc_board_ea_devkit_4088/Debug/liblpc_board_ea_devkit_4088.a(board.o)
 .ARM.attributes
                0x0000000000000113       0x37 /Users/alexisyang/Documents/LPCXpresso_7.3.0/workspace/lpc_board_ea_devkit_4088/Debug/liblpc_board_ea_devkit_4088.a(board_sysinit.o)
 .ARM.attributes
                0x000000000000014a       0x37 /Users/alexisyang/Documents/LPCXpresso_7.3.0/workspace/lpc_chip_40xx/Debug/liblpc_chip_40xx.a(chip_17xx_40xx.o)
 .ARM.attributes
                0x0000000000000181       0x37 /Users/alexisyang/Documents/LPCXpresso_7.3.0/workspace/lpc_chip_40xx/Debug/liblpc_chip_40xx.a(clock_17xx_40xx.o)
 .ARM.attributes
                0x00000000000001b8       0x37 /Users/alexisyang/Documents/LPCXpresso_7.3.0/workspace/lpc_chip_40xx/Debug/liblpc_chip_40xx.a(emc_17xx_40xx.o)
 .ARM.attributes
                0x00000000000001ef       0x37 /Users/alexisyang/Documents/LPCXpresso_7.3.0/workspace/lpc_chip_40xx/Debug/liblpc_chip_40xx.a(fpu_init.o)
 .ARM.attributes
                0x0000000000000226       0x37 /Users/alexisyang/Documents/LPCXpresso_7.3.0/workspace/lpc_chip_40xx/Debug/liblpc_chip_40xx.a(iocon_17xx_40xx.o)
 .ARM.attributes
                0x000000000000025d       0x37 /Users/alexisyang/Documents/LPCXpresso_7.3.0/workspace/lpc_chip_40xx/Debug/liblpc_chip_40xx.a(sysctl_17xx_40xx.o)
 .ARM.attributes
                0x0000000000000294       0x37 /Users/alexisyang/Documents/LPCXpresso_7.3.0/workspace/lpc_chip_40xx/Debug/liblpc_chip_40xx.a(sysinit_17xx_40xx.o)
 .ARM.attributes
                0x00000000000002cb       0x37 /Users/alexisyang/Documents/LPCXpresso_7.3.0/workspace/lpc_chip_40xx/Debug/liblpc_chip_40xx.a(timer_17xx_40xx.o)
 .ARM.attributes
                0x0000000000000302       0x37 /Users/alexisyang/Documents/LPCXpresso_7.3.0/workspace/lpc_chip_40xx/Debug/liblpc_chip_40xx.a(uart_17xx_40xx.o)
 .ARM.attributes
                0x0000000000000339       0x37 /Applications/lpcxpresso_7.3.0_186/lpcxpresso/tools/bin/../lib/gcc/arm-none-eabi/4.8.4/../../../../arm-none-eabi/lib/armv7e-m/softfp/libcr_semihost.a(_cr__main.o)
 .ARM.attributes
                0x0000000000000370       0x37 /Applications/lpcxpresso_7.3.0_186/lpcxpresso/tools/bin/../lib/gcc/arm-none-eabi/4.8.4/../../../../arm-none-eabi/lib/armv7e-m/softfp/libcr_c.a(fpprintf.o)
 .ARM.attributes
                0x00000000000003a7       0x37 /Applications/lpcxpresso_7.3.0_186/lpcxpresso/tools/bin/../lib/gcc/arm-none-eabi/4.8.4/../../../../arm-none-eabi/lib/armv7e-m/softfp/libcr_c.a(initio.o)
 .ARM.attributes
                0x00000000000003de       0x37 /Applications/lpcxpresso_7.3.0_186/lpcxpresso/tools/bin/../lib/gcc/arm-none-eabi/4.8.4/../../../../arm-none-eabi/lib/armv7e-m/softfp/libcr_c.a(printf.o)
 .ARM.attributes
                0x0000000000000415       0x37 /Applications/lpcxpresso_7.3.0_186/lpcxpresso/tools/bin/../lib/gcc/arm-none-eabi/4.8.4/../../../../arm-none-eabi/lib/armv7e-m/softfp/libcr_c.a(setvbuf.o)
 .ARM.attributes
                0x000000000000044c       0x37 /Applications/lpcxpresso_7.3.0_186/lpcxpresso/tools/bin/../lib/gcc/arm-none-eabi/4.8.4/../../../../arm-none-eabi/lib/armv7e-m/softfp/libcr_c.a(stdio.o)
 .ARM.attributes
                0x0000000000000483       0x37 /Applications/lpcxpresso_7.3.0_186/lpcxpresso/tools/bin/../lib/gcc/arm-none-eabi/4.8.4/../../../../arm-none-eabi/lib/armv7e-m/softfp/libcr_c.a(strlen.o)
 .ARM.attributes
                0x00000000000004ba       0x37 /Applications/lpcxpresso_7.3.0_186/lpcxpresso/tools/bin/../lib/gcc/arm-none-eabi/4.8.4/../../../../arm-none-eabi/lib/armv7e-m/softfp/libcr_c.a(memset.o)
 .ARM.attributes
                0x00000000000004f1       0x37 /Applications/lpcxpresso_7.3.0_186/lpcxpresso/tools/bin/../lib/gcc/arm-none-eabi/4.8.4/../../../../arm-none-eabi/lib/armv7e-m/softfp/libcr_c.a(_deferredlazyseek.o)
 .ARM.attributes
                0x0000000000000528       0x37 /Applications/lpcxpresso_7.3.0_186/lpcxpresso/tools/bin/../lib/gcc/arm-none-eabi/4.8.4/../../../../arm-none-eabi/lib/armv7e-m/softfp/libcr_c.a(_fdopen.o)
 .ARM.attributes
                0x000000000000055f       0x37 /Applications/lpcxpresso_7.3.0_186/lpcxpresso/tools/bin/../lib/gcc/arm-none-eabi/4.8.4/../../../../arm-none-eabi/lib/armv7e-m/softfp/libcr_c.a(_fflush.o)
 .ARM.attributes
                0x0000000000000596       0x37 /Applications/lpcxpresso_7.3.0_186/lpcxpresso/tools/bin/../lib/gcc/arm-none-eabi/4.8.4/../../../../arm-none-eabi/lib/armv7e-m/softfp/libcr_c.a(_frexpl.o)
 .ARM.attributes
                0x00000000000005cd       0x37 /Applications/lpcxpresso_7.3.0_186/lpcxpresso/tools/bin/../lib/gcc/arm-none-eabi/4.8.4/../../../../arm-none-eabi/lib/armv7e-m/softfp/libcr_c.a(_ldexpl.o)
 .ARM.attributes
                0x0000000000000604       0x37 /Applications/lpcxpresso_7.3.0_186/lpcxpresso/tools/bin/../lib/gcc/arm-none-eabi/4.8.4/../../../../arm-none-eabi/lib/armv7e-m/softfp/libcr_c.a(_writebuf.o)
 .ARM.attributes
                0x000000000000063b       0x37 /Applications/lpcxpresso_7.3.0_186/lpcxpresso/tools/bin/../lib/gcc/arm-none-eabi/4.8.4/../../../../arm-none-eabi/lib/armv7e-m/softfp/libcr_c.a(alloc.o)
 .ARM.attributes
                0x0000000000000672       0x37 /Applications/lpcxpresso_7.3.0_186/lpcxpresso/tools/bin/../lib/gcc/arm-none-eabi/4.8.4/../../../../arm-none-eabi/lib/armv7e-m/softfp/libcr_c.a(errno.o)
 .ARM.attributes
                0x00000000000006a9       0x37 /Applications/lpcxpresso_7.3.0_186/lpcxpresso/tools/bin/../lib/gcc/arm-none-eabi/4.8.4/../../../../arm-none-eabi/lib/armv7e-m/softfp/libcr_c.a(fclose.o)
 .ARM.attributes
                0x00000000000006e0       0x37 /Applications/lpcxpresso_7.3.0_186/lpcxpresso/tools/bin/../lib/gcc/arm-none-eabi/4.8.4/../../../../arm-none-eabi/lib/armv7e-m/softfp/libcr_c.a(fflush.o)
 .ARM.attributes
                0x0000000000000717       0x37 /Applications/lpcxpresso_7.3.0_186/lpcxpresso/tools/bin/../lib/gcc/arm-none-eabi/4.8.4/../../../../arm-none-eabi/lib/armv7e-m/softfp/libcr_c.a(fseek.o)
 .ARM.attributes
                0x000000000000074e       0x37 /Applications/lpcxpresso_7.3.0_186/lpcxpresso/tools/bin/../lib/gcc/arm-none-eabi/4.8.4/../../../../arm-none-eabi/lib/armv7e-m/softfp/libcr_c.a(ftell.o)
 .ARM.attributes
                0x0000000000000785       0x37 /Applications/lpcxpresso_7.3.0_186/lpcxpresso/tools/bin/../lib/gcc/arm-none-eabi/4.8.4/../../../../arm-none-eabi/lib/armv7e-m/softfp/libcr_c.a(remove.o)
 .ARM.attributes
                0x00000000000007bc       0x37 /Applications/lpcxpresso_7.3.0_186/lpcxpresso/tools/bin/../lib/gcc/arm-none-eabi/4.8.4/../../../../arm-none-eabi/lib/armv7e-m/softfp/libcr_c.a(__init_alloc.o)
 .ARM.attributes
                0x00000000000007f3       0x37 /Applications/lpcxpresso_7.3.0_186/lpcxpresso/tools/bin/../lib/gcc/arm-none-eabi/4.8.4/../../../../arm-none-eabi/lib/armv7e-m/softfp/libcr_c.a(_cr_sbrk.o)
 .ARM.attributes
                0x000000000000082a       0x37 /Applications/lpcxpresso_7.3.0_186/lpcxpresso/tools/bin/../lib/gcc/arm-none-eabi/4.8.4/../../../../arm-none-eabi/lib/armv7e-m/softfp/libcr_c.a(_do_fflush.o)
 .ARM.attributes
                0x0000000000000861       0x37 /Applications/lpcxpresso_7.3.0_186/lpcxpresso/tools/bin/../lib/gcc/arm-none-eabi/4.8.4/../../../../arm-none-eabi/lib/armv7e-m/softfp/libcr_c.a(_hugeval.o)
 .ARM.attributes
                0x0000000000000898       0x37 /Applications/lpcxpresso_7.3.0_186/lpcxpresso/tools/bin/../lib/gcc/arm-none-eabi/4.8.4/../../../../arm-none-eabi/lib/armv7e-m/softfp/libcr_c.a(_cr_check_heap.o)
 .ARM.attributes
                0x00000000000008cf       0x37 /Applications/lpcxpresso_7.3.0_186/lpcxpresso/tools/bin/../lib/gcc/arm-none-eabi/4.8.4/armv7e-m/softfp/libcr_eabihelpers.a(double.o)
 .ARM.attributes
                0x0000000000000906       0x25 /Applications/lpcxpresso_7.3.0_186/lpcxpresso/tools/bin/../lib/gcc/arm-none-eabi/4.8.4/armv7e-m/softfp/libcr_eabihelpers.a(memcpy.o)
 .ARM.attributes
                0x000000000000092b       0x25 /Applications/lpcxpresso_7.3.0_186/lpcxpresso/tools/bin/../lib/gcc/arm-none-eabi/4.8.4/../../../../arm-none-eabi/lib/armv7e-m/softfp/libcr_semihost.a(__sys_appexit.o)
 .ARM.attributes
                0x0000000000000950       0x25 /Applications/lpcxpresso_7.3.0_186/lpcxpresso/tools/bin/../lib/gcc/arm-none-eabi/4.8.4/../../../../arm-none-eabi/lib/armv7e-m/softfp/libcr_semihost.a(__sys_close.o)
 .ARM.attributes
                0x0000000000000975       0x25 /Applications/lpcxpresso_7.3.0_186/lpcxpresso/tools/bin/../lib/gcc/arm-none-eabi/4.8.4/../../../../arm-none-eabi/lib/armv7e-m/softfp/libcr_semihost.a(__sys_flen.o)
 .ARM.attributes
                0x000000000000099a       0x25 /Applications/lpcxpresso_7.3.0_186/lpcxpresso/tools/bin/../lib/gcc/arm-none-eabi/4.8.4/../../../../arm-none-eabi/lib/armv7e-m/softfp/libcr_semihost.a(__sys_istty.o)
 .ARM.attributes
                0x00000000000009bf       0x25 /Applications/lpcxpresso_7.3.0_186/lpcxpresso/tools/bin/../lib/gcc/arm-none-eabi/4.8.4/../../../../arm-none-eabi/lib/armv7e-m/softfp/libcr_semihost.a(__sys_remove.o)
 .ARM.attributes
                0x00000000000009e4       0x25 /Applications/lpcxpresso_7.3.0_186/lpcxpresso/tools/bin/../lib/gcc/arm-none-eabi/4.8.4/../../../../arm-none-eabi/lib/armv7e-m/softfp/libcr_semihost.a(__sys_seek.o)
 .ARM.attributes
                0x0000000000000a09       0x25 /Applications/lpcxpresso_7.3.0_186/lpcxpresso/tools/bin/../lib/gcc/arm-none-eabi/4.8.4/../../../../arm-none-eabi/lib/armv7e-m/softfp/libcr_semihost.a(__sys_tmpnam.o)
 .ARM.attributes
                0x0000000000000a2e       0x25 /Applications/lpcxpresso_7.3.0_186/lpcxpresso/tools/bin/../lib/gcc/arm-none-eabi/4.8.4/../../../../arm-none-eabi/lib/armv7e-m/softfp/libcr_semihost.a(__sys_write.o)

.debug_frame    0x0000000000000000      0xb68
 .debug_frame   0x0000000000000000       0xf4 ./src/cr_startup_lpc407x_8x.o
 .debug_frame   0x00000000000000f4       0x78 ./src/joystick_controler.o
 .debug_frame   0x000000000000016c       0x28 ./src/sysinit.o
 .debug_frame   0x0000000000000194      0x30c /Users/alexisyang/Documents/LPCXpresso_7.3.0/workspace/lpc_board_ea_devkit_4088/Debug/liblpc_board_ea_devkit_4088.a(board.o)
 .debug_frame   0x00000000000004a0       0x78 /Users/alexisyang/Documents/LPCXpresso_7.3.0/workspace/lpc_board_ea_devkit_4088/Debug/liblpc_board_ea_devkit_4088.a(board_sysinit.o)
 .debug_frame   0x0000000000000518       0x40 /Users/alexisyang/Documents/LPCXpresso_7.3.0/workspace/lpc_chip_40xx/Debug/liblpc_chip_40xx.a(chip_17xx_40xx.o)
 .debug_frame   0x0000000000000558      0x1d8 /Users/alexisyang/Documents/LPCXpresso_7.3.0/workspace/lpc_chip_40xx/Debug/liblpc_chip_40xx.a(clock_17xx_40xx.o)
 .debug_frame   0x0000000000000730       0xf4 /Users/alexisyang/Documents/LPCXpresso_7.3.0/workspace/lpc_chip_40xx/Debug/liblpc_chip_40xx.a(emc_17xx_40xx.o)
 .debug_frame   0x0000000000000824       0x24 /Users/alexisyang/Documents/LPCXpresso_7.3.0/workspace/lpc_chip_40xx/Debug/liblpc_chip_40xx.a(fpu_init.o)
 .debug_frame   0x0000000000000848       0x2c /Users/alexisyang/Documents/LPCXpresso_7.3.0/workspace/lpc_chip_40xx/Debug/liblpc_chip_40xx.a(iocon_17xx_40xx.o)
 .debug_frame   0x0000000000000874       0x30 /Users/alexisyang/Documents/LPCXpresso_7.3.0/workspace/lpc_chip_40xx/Debug/liblpc_chip_40xx.a(sysctl_17xx_40xx.o)
 .debug_frame   0x00000000000008a4       0x58 /Users/alexisyang/Documents/LPCXpresso_7.3.0/workspace/lpc_chip_40xx/Debug/liblpc_chip_40xx.a(sysinit_17xx_40xx.o)
 .debug_frame   0x00000000000008fc       0x7c /Users/alexisyang/Documents/LPCXpresso_7.3.0/workspace/lpc_chip_40xx/Debug/liblpc_chip_40xx.a(timer_17xx_40xx.o)
 .debug_frame   0x0000000000000978      0x1f0 /Users/alexisyang/Documents/LPCXpresso_7.3.0/workspace/lpc_chip_40xx/Debug/liblpc_chip_40xx.a(uart_17xx_40xx.o)
